Archive member included to satisfy reference by file (symbol)

c:/st/stm32cubeide_1.5.0/stm32cubeide/plugins/com.st.stm32cube.ide.mcu.externaltools.gnu-tools-for-stm32.7-2018-q2-update.win32_1.5.0.202011040924/tools/bin/../lib/gcc/arm-none-eabi/7.3.1/../../../../arm-none-eabi/lib/thumb/v7e-m/fpv4-sp/hard\libc_nano.a(lib_a-errno.o)
                              Core/Src/syscalls.o (__errno)
c:/st/stm32cubeide_1.5.0/stm32cubeide/plugins/com.st.stm32cube.ide.mcu.externaltools.gnu-tools-for-stm32.7-2018-q2-update.win32_1.5.0.202011040924/tools/bin/../lib/gcc/arm-none-eabi/7.3.1/../../../../arm-none-eabi/lib/thumb/v7e-m/fpv4-sp/hard\libc_nano.a(lib_a-exit.o)
                              c:/st/stm32cubeide_1.5.0/stm32cubeide/plugins/com.st.stm32cube.ide.mcu.externaltools.gnu-tools-for-stm32.7-2018-q2-update.win32_1.5.0.202011040924/tools/bin/../lib/gcc/arm-none-eabi/7.3.1/../../../../arm-none-eabi/lib/thumb/v7e-m/fpv4-sp/hard/crt0.o (exit)
c:/st/stm32cubeide_1.5.0/stm32cubeide/plugins/com.st.stm32cube.ide.mcu.externaltools.gnu-tools-for-stm32.7-2018-q2-update.win32_1.5.0.202011040924/tools/bin/../lib/gcc/arm-none-eabi/7.3.1/../../../../arm-none-eabi/lib/thumb/v7e-m/fpv4-sp/hard\libc_nano.a(lib_a-impure.o)
                              c:/st/stm32cubeide_1.5.0/stm32cubeide/plugins/com.st.stm32cube.ide.mcu.externaltools.gnu-tools-for-stm32.7-2018-q2-update.win32_1.5.0.202011040924/tools/bin/../lib/gcc/arm-none-eabi/7.3.1/../../../../arm-none-eabi/lib/thumb/v7e-m/fpv4-sp/hard\libc_nano.a(lib_a-exit.o) (_global_impure_ptr)
c:/st/stm32cubeide_1.5.0/stm32cubeide/plugins/com.st.stm32cube.ide.mcu.externaltools.gnu-tools-for-stm32.7-2018-q2-update.win32_1.5.0.202011040924/tools/bin/../lib/gcc/arm-none-eabi/7.3.1/../../../../arm-none-eabi/lib/thumb/v7e-m/fpv4-sp/hard\libc_nano.a(lib_a-init.o)
                              c:/st/stm32cubeide_1.5.0/stm32cubeide/plugins/com.st.stm32cube.ide.mcu.externaltools.gnu-tools-for-stm32.7-2018-q2-update.win32_1.5.0.202011040924/tools/bin/../lib/gcc/arm-none-eabi/7.3.1/../../../../arm-none-eabi/lib/thumb/v7e-m/fpv4-sp/hard/crt0.o (__libc_init_array)
c:/st/stm32cubeide_1.5.0/stm32cubeide/plugins/com.st.stm32cube.ide.mcu.externaltools.gnu-tools-for-stm32.7-2018-q2-update.win32_1.5.0.202011040924/tools/bin/../lib/gcc/arm-none-eabi/7.3.1/../../../../arm-none-eabi/lib/thumb/v7e-m/fpv4-sp/hard\libc_nano.a(lib_a-itoa.o)
                              Core/Src/main.o (itoa)
c:/st/stm32cubeide_1.5.0/stm32cubeide/plugins/com.st.stm32cube.ide.mcu.externaltools.gnu-tools-for-stm32.7-2018-q2-update.win32_1.5.0.202011040924/tools/bin/../lib/gcc/arm-none-eabi/7.3.1/../../../../arm-none-eabi/lib/thumb/v7e-m/fpv4-sp/hard\libc_nano.a(lib_a-memset.o)
                              c:/st/stm32cubeide_1.5.0/stm32cubeide/plugins/com.st.stm32cube.ide.mcu.externaltools.gnu-tools-for-stm32.7-2018-q2-update.win32_1.5.0.202011040924/tools/bin/../lib/gcc/arm-none-eabi/7.3.1/../../../../arm-none-eabi/lib/thumb/v7e-m/fpv4-sp/hard/crt0.o (memset)
c:/st/stm32cubeide_1.5.0/stm32cubeide/plugins/com.st.stm32cube.ide.mcu.externaltools.gnu-tools-for-stm32.7-2018-q2-update.win32_1.5.0.202011040924/tools/bin/../lib/gcc/arm-none-eabi/7.3.1/../../../../arm-none-eabi/lib/thumb/v7e-m/fpv4-sp/hard\libc_nano.a(lib_a-strcat.o)
                              Core/Src/main.o (strcat)
c:/st/stm32cubeide_1.5.0/stm32cubeide/plugins/com.st.stm32cube.ide.mcu.externaltools.gnu-tools-for-stm32.7-2018-q2-update.win32_1.5.0.202011040924/tools/bin/../lib/gcc/arm-none-eabi/7.3.1/../../../../arm-none-eabi/lib/thumb/v7e-m/fpv4-sp/hard\libc_nano.a(lib_a-strcpy.o)
                              Core/Src/main.o (strcpy)
c:/st/stm32cubeide_1.5.0/stm32cubeide/plugins/com.st.stm32cube.ide.mcu.externaltools.gnu-tools-for-stm32.7-2018-q2-update.win32_1.5.0.202011040924/tools/bin/../lib/gcc/arm-none-eabi/7.3.1/../../../../arm-none-eabi/lib/thumb/v7e-m/fpv4-sp/hard\libc_nano.a(lib_a-strlen.o)
                              Core/Src/main.o (strlen)
c:/st/stm32cubeide_1.5.0/stm32cubeide/plugins/com.st.stm32cube.ide.mcu.externaltools.gnu-tools-for-stm32.7-2018-q2-update.win32_1.5.0.202011040924/tools/bin/../lib/gcc/arm-none-eabi/7.3.1/../../../../arm-none-eabi/lib/thumb/v7e-m/fpv4-sp/hard\libc_nano.a(lib_a-utoa.o)
                              c:/st/stm32cubeide_1.5.0/stm32cubeide/plugins/com.st.stm32cube.ide.mcu.externaltools.gnu-tools-for-stm32.7-2018-q2-update.win32_1.5.0.202011040924/tools/bin/../lib/gcc/arm-none-eabi/7.3.1/../../../../arm-none-eabi/lib/thumb/v7e-m/fpv4-sp/hard\libc_nano.a(lib_a-itoa.o) (__utoa)
c:/st/stm32cubeide_1.5.0/stm32cubeide/plugins/com.st.stm32cube.ide.mcu.externaltools.gnu-tools-for-stm32.7-2018-q2-update.win32_1.5.0.202011040924/tools/bin/../lib/gcc/arm-none-eabi/7.3.1/thumb/v7e-m/fpv4-sp/hard\libgcc.a(_aeabi_uldivmod.o)
                              Drivers/STM32L4xx_HAL_Driver/Src/stm32l4xx_hal_uart.o (__aeabi_uldivmod)
[...]
Memory Configuration

Name             Origin             Length             Attributes
RAM              0x0000000020000000 0x0000000000018000 xrw
RAM2             0x0000000010000000 0x0000000000008000 xrw
FLASH            0x0000000008000000 0x0000000000100000 xr
*default*        0x0000000000000000 0xffffffffffffffff

Linker script and memory map

LOAD c:/st/stm32cubeide_1.5.0/stm32cubeide/plugins/com.st.stm32cube.ide.mcu.externaltools.gnu-tools-for-stm32.7-2018-q2-update.win32_1.5.0.202011040924/tools/bin/../lib/gcc/arm-none-eabi/7.3.1/thumb/v7e-m/fpv4-sp/hard/crti.o
LOAD c:/st/stm32cubeide_1.5.0/stm32cubeide/plugins/com.st.stm32cube.ide.mcu.externaltools.gnu-tools-for-stm32.7-2018-q2-update.win32_1.5.0.202011040924/tools/bin/../lib/gcc/arm-none-eabi/7.3.1/thumb/v7e-m/fpv4-sp/hard/crtbegin.o
LOAD c:/st/stm32cubeide_1.5.0/stm32cubeide/plugins/com.st.stm32cube.ide.mcu.externaltools.gnu-tools-for-stm32.7-2018-q2-update.win32_1.5.0.202011040924/tools/bin/../lib/gcc/arm-none-eabi/7.3.1/../../../../arm-none-eabi/lib/thumb/v7e-m/fpv4-sp/hard/crt0.o
LOAD Core/Src/7segfunction.o
LOAD Core/Src/fatfs_sd.o
LOAD Core/Src/main.o
LOAD Core/Src/pn532.o
LOAD Core/Src/pn532_stm32f1.o
LOAD Core/Src/sk6812.o
LOAD Core/Src/stm32l4xx_hal_msp.o
LOAD Core/Src/stm32l4xx_it.o
LOAD Core/Src/syscalls.o
LOAD Core/Src/sysmem.o
LOAD Core/Src/system_stm32l4xx.o
LOAD Core/Startup/startup_stm32l476rgtx.o
LOAD Drivers/STM32L4xx_HAL_Driver/Src/stm32l4xx_hal.o
LOAD Drivers/STM32L4xx_HAL_Driver/Src/stm32l4xx_hal_cortex.o
LOAD Drivers/STM32L4xx_HAL_Driver/Src/stm32l4xx_hal_dma.o
LOAD Drivers/STM32L4xx_HAL_Driver/Src/stm32l4xx_hal_dma_ex.o
LOAD Drivers/STM32L4xx_HAL_Driver/Src/stm32l4xx_hal_exti.o
LOAD Drivers/STM32L4xx_HAL_Driver/Src/stm32l4xx_hal_flash.o
LOAD Drivers/STM32L4xx_HAL_Driver/Src/stm32l4xx_hal_flash_ex.o
LOAD Drivers/STM32L4xx_HAL_Driver/Src/stm32l4xx_hal_flash_ramfunc.o
LOAD Drivers/STM32L4xx_HAL_Driver/Src/stm32l4xx_hal_gpio.o
LOAD Drivers/STM32L4xx_HAL_Driver/Src/stm32l4xx_hal_i2c.o
LOAD Drivers/STM32L4xx_HAL_Driver/Src/stm32l4xx_hal_i2c_ex.o
LOAD Drivers/STM32L4xx_HAL_Driver/Src/stm32l4xx_hal_pwr.o
LOAD Drivers/STM32L4xx_HAL_Driver/Src/stm32l4xx_hal_pwr_ex.o
LOAD Drivers/STM32L4xx_HAL_Driver/Src/stm32l4xx_hal_rcc.o
LOAD Drivers/STM32L4xx_HAL_Driver/Src/stm32l4xx_hal_rcc_ex.o
LOAD Drivers/STM32L4xx_HAL_Driver/Src/stm32l4xx_hal_rng.o
LOAD Drivers/STM32L4xx_HAL_Driver/Src/stm32l4xx_hal_spi.o
LOAD Drivers/STM32L4xx_HAL_Driver/Src/stm32l4xx_hal_spi_ex.o
LOAD Drivers/STM32L4xx_HAL_Driver/Src/stm32l4xx_hal_tim.o
LOAD Drivers/STM32L4xx_HAL_Driver/Src/stm32l4xx_hal_tim_ex.o
LOAD Drivers/STM32L4xx_HAL_Driver/Src/stm32l4xx_hal_uart.o
LOAD Drivers/STM32L4xx_HAL_Driver/Src/stm32l4xx_hal_uart_ex.o
LOAD FATFS/App/fatfs.o
LOAD FATFS/Target/user_diskio.o
LOAD Middlewares/Third_Party/FatFs/src/diskio.o
LOAD Middlewares/Third_Party/FatFs/src/ff.o
LOAD Middlewares/Third_Party/FatFs/src/ff_gen_drv.o
LOAD Middlewares/Third_Party/FatFs/src/option/ccsbcs.o
LOAD Middlewares/Third_Party/FatFs/src/option/syscall.o
START GROUP
LOAD c:/st/stm32cubeide_1.5.0/stm32cubeide/plugins/com.st.stm32cube.ide.mcu.externaltools.gnu-tools-for-stm32.7-2018-q2-update.win32_1.5.0.202011040924/tools/bin/../lib/gcc/arm-none-eabi/7.3.1/../../../../arm-none-eabi/lib/thumb/v7e-m/fpv4-sp/hard\libc_nano.a
LOAD c:/st/stm32cubeide_1.5.0/stm32cubeide/plugins/com.st.stm32cube.ide.mcu.externaltools.gnu-tools-for-stm32.7-2018-q2-update.win32_1.5.0.202011040924/tools/bin/../lib/gcc/arm-none-eabi/7.3.1/../../../../arm-none-eabi/lib/thumb/v7e-m/fpv4-sp/hard\libm.a
END GROUP
START GROUP
LOAD c:/st/stm32cubeide_1.5.0/stm32cubeide/plugins/com.st.stm32cube.ide.mcu.externaltools.gnu-tools-for-stm32.7-2018-q2-update.win32_1.5.0.202011040924/tools/bin/../lib/gcc/arm-none-eabi/7.3.1/thumb/v7e-m/fpv4-sp/hard\libgcc.a
LOAD c:/st/stm32cubeide_1.5.0/stm32cubeide/plugins/com.st.stm32cube.ide.mcu.externaltools.gnu-tools-for-stm32.7-2018-q2-update.win32_1.5.0.202011040924/tools/bin/../lib/gcc/arm-none-eabi/7.3.1/../../../../arm-none-eabi/lib/thumb/v7e-m/fpv4-sp/hard\libc_nano.a
END GROUP
START GROUP
LOAD c:/st/stm32cubeide_1.5.0/stm32cubeide/plugins/com.st.stm32cube.ide.mcu.externaltools.gnu-tools-for-stm32.7-2018-q2-update.win32_1.5.0.202011040924/tools/bin/../lib/gcc/arm-none-eabi/7.3.1/thumb/v7e-m/fpv4-sp/hard\libgcc.a
LOAD c:/st/stm32cubeide_1.5.0/stm32cubeide/plugins/com.st.stm32cube.ide.mcu.externaltools.gnu-tools-for-stm32.7-2018-q2-update.win32_1.5.0.202011040924/tools/bin/../lib/gcc/arm-none-eabi/7.3.1/../../../../arm-none-eabi/lib/thumb/v7e-m/fpv4-sp/hard\libc_nano.a
LOAD c:/st/stm32cubeide_1.5.0/stm32cubeide/plugins/com.st.stm32cube.ide.mcu.externaltools.gnu-tools-for-stm32.7-2018-q2-update.win32_1.5.0.202011040924/tools/bin/../lib/gcc/arm-none-eabi/7.3.1/../../../../arm-none-eabi/lib/thumb/v7e-m/fpv4-sp/hard\libnosys.a
END GROUP
START GROUP
LOAD c:/st/stm32cubeide_1.5.0/stm32cubeide/plugins/com.st.stm32cube.ide.mcu.externaltools.gnu-tools-for-stm32.7-2018-q2-update.win32_1.5.0.202011040924/tools/bin/../lib/gcc/arm-none-eabi/7.3.1/thumb/v7e-m/fpv4-sp/hard\libgcc.a
LOAD c:/st/stm32cubeide_1.5.0/stm32cubeide/plugins/com.st.stm32cube.ide.mcu.externaltools.gnu-tools-for-stm32.7-2018-q2-update.win32_1.5.0.202011040924/tools/bin/../lib/gcc/arm-none-eabi/7.3.1/../../../../arm-none-eabi/lib/thumb/v7e-m/fpv4-sp/hard\libc_nano.a
LOAD c:/st/stm32cubeide_1.5.0/stm32cubeide/plugins/com.st.stm32cube.ide.mcu.externaltools.gnu-tools-for-stm32.7-2018-q2-update.win32_1.5.0.202011040924/tools/bin/../lib/gcc/arm-none-eabi/7.3.1/../../../../arm-none-eabi/lib/thumb/v7e-m/fpv4-sp/hard\libnosys.a
END GROUP
LOAD c:/st/stm32cubeide_1.5.0/stm32cubeide/plugins/com.st.stm32cube.ide.mcu.externaltools.gnu-tools-for-stm32.7-2018-q2-update.win32_1.5.0.202011040924/tools/bin/../lib/gcc/arm-none-eabi/7.3.1/thumb/v7e-m/fpv4-sp/hard/crtend.o
LOAD c:/st/stm32cubeide_1.5.0/stm32cubeide/plugins/com.st.stm32cube.ide.mcu.externaltools.gnu-tools-for-stm32.7-2018-q2-update.win32_1.5.0.202011040924/tools/bin/../lib/gcc/arm-none-eabi/7.3.1/thumb/v7e-m/fpv4-sp/hard/crtn.o
                0x0000000020018000                _estack = (ORIGIN (RAM) + LENGTH (RAM))
                0x0000000000000200                _Min_Heap_Size = 0x200
                0x0000000000000400                _Min_Stack_Size = 0x400

.isr_vector     0x0000000008000000      0x188
                0x0000000008000000                . = ALIGN (0x4)
 *(.isr_vector)
 .isr_vector    0x0000000008000000      0x188 Core/Startup/startup_stm32l476rgtx.o
                0x0000000008000000                g_pfnVectors
                0x0000000008000188                . = ALIGN (0x4)

.text           0x0000000008000188     0xc450
                0x0000000008000188                . = ALIGN (0x4)
 *(.text)
 .text          0x0000000008000188       0x40 c:/st/stm32cubeide_1.5.0/stm32cubeide/plugins/com.st.stm32cube.ide.mcu.externaltools.gnu-tools-for-stm32.7-2018-q2-update.win32_1.5.0.202011040924/tools/bin/../lib/gcc/arm-none-eabi/7.3.1/thumb/v7e-m/fpv4-sp/hard/crtbegin.o
 .text          0x00000000080001c8       0xf8 Core/Src/7segfunction.o
                0x00000000080001c8                max7219_send
                0x0000000008000212                max7219_init
                0x000000000800025a                ClearScreen
                0x0000000008000278                Display
 .text          0x00000000080002c0       0x10 c:/st/stm32cubeide_1.5.0/stm32cubeide/plugins/com.st.stm32cube.ide.mcu.externaltools.gnu-tools-for-stm32.7-2018-q2-update.win32_1.5.0.202011040924/tools/bin/../lib/gcc/arm-none-eabi/7.3.1/../../../../arm-none-eabi/lib/thumb/v7e-m/fpv4-sp/hard\libc_nano.a(lib_a-strlen.o)
                0x00000000080002c0                strlen
 .text          0x00000000080002d0       0x30 c:/st/stm32cubeide_1.5.0/stm32cubeide/plugins/com.st.stm32cube.ide.mcu.externaltools.gnu-tools-for-stm32.7-2018-q2-update.win32_1.5.0.202011040924/tools/bin/../lib/gcc/arm-none-eabi/7.3.1/thumb/v7e-m/fpv4-sp/hard\libgcc.a(_aeabi_uldivmod.o)
                0x00000000080002d0                __aeabi_uldivmod
 .text          0x0000000008000300      0x2cc c:/st/stm32cubeide_1.5.0/stm32cubeide/plugins/com.st.stm32cube.ide.mcu.externaltools.gnu-tools-for-stm32.7-2018-q2-update.win32_1.5.0.202011040924/tools/bin/../lib/gcc/arm-none-eabi/7.3.1/thumb/v7e-m/fpv4-sp/hard\libgcc.a(_udivmoddi4.o)
                0x0000000008000300                __udivmoddi4
 .text          0x00000000080005cc        0x4 c:/st/stm32cubeide_1.5.0/stm32cubeide/plugins/com.st.stm32cube.ide.mcu.externaltools.gnu-tools-for-stm32.7-2018-q2-update.win32_1.5.0.202011040924/tools/bin/../lib/gcc/arm-none-eabi/7.3.1/thumb/v7e-m/fpv4-sp/hard\libgcc.a(_dvmd_tls.o)
                0x00000000080005cc                __aeabi_idiv0
                0x00000000080005cc                __aeabi_ldiv0
 *(.text*)
 .text.SELECT   0x00000000080005d0       0x18 Core/Src/fatfs_sd.o
 .text.DESELECT
                0x00000000080005e8       0x18 Core/Src/fatfs_sd.o
 .text.SPI_TxByte
                0x0000000008000600       0x34 Core/Src/fatfs_sd.o
 .text.SPI_RxByte
                0x0000000008000634       0x3c Core/Src/fatfs_sd.o
 .text.SPI_RxBytePtr
                0x0000000008000670       0x1c Core/Src/fatfs_sd.o
 .text.SD_ReadyWait
                0x000000000800068c       0x38 Core/Src/fatfs_sd.o
 .text.SD_PowerOn
                0x00000000080006c4       0x98 Core/Src/fatfs_sd.o
 .text.SD_PowerOff
                0x000000000800075c       0x18 Core/Src/fatfs_sd.o
 .text.SD_CheckPower
                0x0000000008000774       0x18 Core/Src/fatfs_sd.o
 .text.SD_RxDataBlock
                0x000000000800078c       0x6c Core/Src/fatfs_sd.o
 .text.SD_TxDataBlock
                0x00000000080007f8       0xa8 Core/Src/fatfs_sd.o
 .text.SD_SendCmd
                0x00000000080008a0       0xa4 Core/Src/fatfs_sd.o
 .text.SD_disk_initialize
                0x0000000008000944      0x1d4 Core/Src/fatfs_sd.o
                0x0000000008000944                SD_disk_initialize
 .text.SD_disk_status
                0x0000000008000b18       0x2c Core/Src/fatfs_sd.o
                0x0000000008000b18                SD_disk_status
 .text.SD_disk_read
                0x0000000008000b44       0xd4 Core/Src/fatfs_sd.o
                0x0000000008000b44                SD_disk_read
 .text.SD_disk_write
                0x0000000008000c18      0x108 Core/Src/fatfs_sd.o
                0x0000000008000c18                SD_disk_write
 .text.SD_disk_ioctl
                0x0000000008000d20      0x25c Core/Src/fatfs_sd.o
                0x0000000008000d20                SD_disk_ioctl
 .text.send_uart
                0x0000000008000f7c       0x30 Core/Src/main.o
                0x0000000008000f7c                send_uart
 .text.bufclear
                0x0000000008000fac       0x34 Core/Src/main.o
                0x0000000008000fac                bufclear
 .text.writedata
                0x0000000008000fe0       0x80 Core/Src/main.o
                0x0000000008000fe0                writedata
 .text.readdata
                0x0000000008001060       0x54 Core/Src/main.o
                0x0000000008001060                readdata
 .text.main     0x00000000080010b4      0x538 Core/Src/main.o
                0x00000000080010b4                main
 .text.SystemClock_Config
                0x00000000080015ec      0x118 Core/Src/main.o
                0x00000000080015ec                SystemClock_Config
 .text.MX_I2C1_Init
                0x0000000008001704       0x80 Core/Src/main.o
 .text.MX_RNG_Init
                0x0000000008001784       0x28 Core/Src/main.o
 .text.MX_SPI1_Init
                0x00000000080017ac       0x7c Core/Src/main.o
 .text.MX_TIM2_Init
                0x0000000008001828       0xec Core/Src/main.o
 .text.MX_TIM3_Init
                0x0000000008001914       0xa0 Core/Src/main.o
 .text.MX_TIM5_Init
                0x00000000080019b4       0xf0 Core/Src/main.o
 .text.MX_USART1_UART_Init
                0x0000000008001aa4       0x60 Core/Src/main.o
 .text.MX_DMA_Init
                0x0000000008001b04       0x3c Core/Src/main.o
 .text.MX_GPIO_Init
                0x0000000008001b40      0x13c Core/Src/main.o
 .text.hsl_to_rgb
                0x0000000008001c7c      0x18c Core/Src/main.o
                0x0000000008001c7c                hsl_to_rgb
 .text.Max7219Display
                0x0000000008001e08       0x84 Core/Src/main.o
                0x0000000008001e08                Max7219Display
 .text.Error_Handler
                0x0000000008001e8c        0x8 Core/Src/main.o
                0x0000000008001e8c                Error_Handler
 .text.PN532_WriteFrame
                0x0000000008001e94      0x138 Core/Src/pn532.o
                0x0000000008001e94                PN532_WriteFrame
 .text.PN532_ReadFrame
                0x0000000008001fcc      0x1a8 Core/Src/pn532.o
                0x0000000008001fcc                PN532_ReadFrame
 .text.PN532_CallFunction
                0x0000000008002174      0x1e4 Core/Src/pn532.o
                0x0000000008002174                PN532_CallFunction
 .text.PN532_GetFirmwareVersion
                0x0000000008002358       0x48 Core/Src/pn532.o
                0x0000000008002358                PN532_GetFirmwareVersion
 .text.PN532_SamConfiguration
                0x00000000080023a0       0x44 Core/Src/pn532.o
                0x00000000080023a0                PN532_SamConfiguration
 .text.PN532_ReadPassiveTarget
                0x00000000080023e4       0xb8 Core/Src/pn532.o
                0x00000000080023e4                PN532_ReadPassiveTarget
 .text.PN532_Reset
                0x000000000800249c       0x1e Core/Src/pn532_stm32f1.o
                0x000000000800249c                PN532_Reset
 .text.PN532_Log
                0x00000000080024ba       0x16 Core/Src/pn532_stm32f1.o
                0x00000000080024ba                PN532_Log
 .text.i2c_read
                0x00000000080024d0       0x2c Core/Src/pn532_stm32f1.o
                0x00000000080024d0                i2c_read
 .text.i2c_write
                0x00000000080024fc       0x2c Core/Src/pn532_stm32f1.o
                0x00000000080024fc                i2c_write
 .text.PN532_I2C_ReadData
                0x0000000008002528       0xb8 Core/Src/pn532_stm32f1.o
                0x0000000008002528                PN532_I2C_ReadData
 .text.PN532_I2C_WriteData
                0x00000000080025e0       0x20 Core/Src/pn532_stm32f1.o
                0x00000000080025e0                PN532_I2C_WriteData
 .text.PN532_I2C_WaitReady
                0x0000000008002600       0x4a Core/Src/pn532_stm32f1.o
                0x0000000008002600                PN532_I2C_WaitReady
 .text.PN532_I2C_Wakeup
                0x000000000800264a       0x1e Core/Src/pn532_stm32f1.o
                0x000000000800264a                PN532_I2C_Wakeup
 .text.PN532_I2C_Init
                0x0000000008002668       0x54 Core/Src/pn532_stm32f1.o
                0x0000000008002668                PN532_I2C_Init
 .text.scale8   0x00000000080026bc       0x28 Core/Src/sk6812.o
 .text.led_set_RGB
                0x00000000080026e4       0x70 Core/Src/sk6812.o
                0x00000000080026e4                led_set_RGB
 .text.led_render
                0x0000000008002754      0x150 Core/Src/sk6812.o
                0x0000000008002754                led_render
 .text.HAL_TIM_PWM_PulseFinishedHalfCpltCallback
                0x00000000080028a4       0xfc Core/Src/sk6812.o
                0x00000000080028a4                HAL_TIM_PWM_PulseFinishedHalfCpltCallback
 .text.HAL_TIM_PWM_PulseFinishedCallback
                0x00000000080029a0      0x10c Core/Src/sk6812.o
                0x00000000080029a0                HAL_TIM_PWM_PulseFinishedCallback
 .text.HAL_MspInit
                0x0000000008002aac       0x48 Core/Src/stm32l4xx_hal_msp.o
                0x0000000008002aac                HAL_MspInit
 .text.HAL_I2C_MspInit
                0x0000000008002af4       0x88 Core/Src/stm32l4xx_hal_msp.o
                0x0000000008002af4                HAL_I2C_MspInit
 .text.HAL_RNG_MspInit
                0x0000000008002b7c       0x40 Core/Src/stm32l4xx_hal_msp.o
                0x0000000008002b7c                HAL_RNG_MspInit
 .text.HAL_SPI_MspInit
                0x0000000008002bbc       0x84 Core/Src/stm32l4xx_hal_msp.o
                0x0000000008002bbc                HAL_SPI_MspInit
 .text.HAL_TIM_Base_MspInit
                0x0000000008002c40       0xf4 Core/Src/stm32l4xx_hal_msp.o
                0x0000000008002c40                HAL_TIM_Base_MspInit
 .text.HAL_TIM_MspPostInit
                0x0000000008002d34       0xb4 Core/Src/stm32l4xx_hal_msp.o
                0x0000000008002d34                HAL_TIM_MspPostInit
 .text.HAL_UART_MspInit
                0x0000000008002de8       0x88 Core/Src/stm32l4xx_hal_msp.o
                0x0000000008002de8                HAL_UART_MspInit
 .text.SDTimer_Handler
                0x0000000008002e70       0x48 Core/Src/stm32l4xx_it.o
                0x0000000008002e70                SDTimer_Handler
 .text.NMI_Handler
                0x0000000008002eb8        0x6 Core/Src/stm32l4xx_it.o
                0x0000000008002eb8                NMI_Handler
 .text.HardFault_Handler
                0x0000000008002ebe        0x6 Core/Src/stm32l4xx_it.o
                0x0000000008002ebe                HardFault_Handler
 .text.MemManage_Handler
                0x0000000008002ec4        0x6 Core/Src/stm32l4xx_it.o
                0x0000000008002ec4                MemManage_Handler
 .text.BusFault_Handler
                0x0000000008002eca        0x6 Core/Src/stm32l4xx_it.o
                0x0000000008002eca                BusFault_Handler
 .text.UsageFault_Handler
                0x0000000008002ed0        0x6 Core/Src/stm32l4xx_it.o
                0x0000000008002ed0                UsageFault_Handler
 .text.SVC_Handler
                0x0000000008002ed6        0xe Core/Src/stm32l4xx_it.o
                0x0000000008002ed6                SVC_Handler
 .text.DebugMon_Handler
                0x0000000008002ee4        0xe Core/Src/stm32l4xx_it.o
                0x0000000008002ee4                DebugMon_Handler
 .text.PendSV_Handler
                0x0000000008002ef2        0xe Core/Src/stm32l4xx_it.o
                0x0000000008002ef2                PendSV_Handler
 .text.SysTick_Handler
                0x0000000008002f00       0x34 Core/Src/stm32l4xx_it.o
                0x0000000008002f00                SysTick_Handler
 .text.DMA1_Channel5_IRQHandler
                0x0000000008002f34       0x14 Core/Src/stm32l4xx_it.o
                0x0000000008002f34                DMA1_Channel5_IRQHandler
 .text.TIM3_IRQHandler
                0x0000000008002f48      0x114 Core/Src/stm32l4xx_it.o
                0x0000000008002f48                TIM3_IRQHandler
 .text.EXTI15_10_IRQHandler
                0x000000000800305c      0x100 Core/Src/stm32l4xx_it.o
                0x000000000800305c                EXTI15_10_IRQHandler
 .text.SystemInit
                0x000000000800315c       0x6c Core/Src/system_stm32l4xx.o
                0x000000000800315c                SystemInit
 .text.Reset_Handler
                0x00000000080031c8       0x50 Core/Startup/startup_stm32l476rgtx.o
                0x00000000080031c8                Reset_Handler
 .text.Default_Handler
                0x0000000008003218        0x2 Core/Startup/startup_stm32l476rgtx.o
                0x0000000008003218                RTC_Alarm_IRQHandler
                0x0000000008003218                EXTI2_IRQHandler
                0x0000000008003218                TIM8_TRG_COM_IRQHandler
                0x0000000008003218                TIM8_CC_IRQHandler
                0x0000000008003218                TIM1_CC_IRQHandler
                0x0000000008003218                TSC_IRQHandler
                0x0000000008003218                TAMP_STAMP_IRQHandler
                0x0000000008003218                EXTI3_IRQHandler
                0x0000000008003218                LPTIM2_IRQHandler
                0x0000000008003218                DFSDM1_FLT1_IRQHandler
                0x0000000008003218                I2C3_ER_IRQHandler
                0x0000000008003218                DFSDM1_FLT2_IRQHandler
                0x0000000008003218                EXTI0_IRQHandler
                0x0000000008003218                I2C2_EV_IRQHandler
                0x0000000008003218                CAN1_RX0_IRQHandler
                0x0000000008003218                FPU_IRQHandler
                0x0000000008003218                TIM1_UP_TIM16_IRQHandler
                0x0000000008003218                ADC1_2_IRQHandler
                0x0000000008003218                SPI1_IRQHandler
                0x0000000008003218                TIM6_DAC_IRQHandler
                0x0000000008003218                TIM8_UP_IRQHandler
                0x0000000008003218                DMA2_Channel2_IRQHandler
                0x0000000008003218                DMA1_Channel4_IRQHandler
                0x0000000008003218                SAI2_IRQHandler
                0x0000000008003218                DFSDM1_FLT3_IRQHandler
                0x0000000008003218                USART3_IRQHandler
                0x0000000008003218                DMA1_Channel7_IRQHandler
                0x0000000008003218                CAN1_RX1_IRQHandler
                0x0000000008003218                LCD_IRQHandler
                0x0000000008003218                UART5_IRQHandler
                0x0000000008003218                ADC3_IRQHandler
                0x0000000008003218                TIM4_IRQHandler
                0x0000000008003218                DMA2_Channel1_IRQHandler
                0x0000000008003218                QUADSPI_IRQHandler
                0x0000000008003218                I2C1_EV_IRQHandler
                0x0000000008003218                DMA1_Channel6_IRQHandler
                0x0000000008003218                UART4_IRQHandler
                0x0000000008003218                DMA2_Channel4_IRQHandler
                0x0000000008003218                RCC_IRQHandler
                0x0000000008003218                DMA1_Channel1_IRQHandler
                0x0000000008003218                Default_Handler
                0x0000000008003218                DMA2_Channel7_IRQHandler
                0x0000000008003218                TIM7_IRQHandler
                0x0000000008003218                SDMMC1_IRQHandler
                0x0000000008003218                TIM5_IRQHandler
                0x0000000008003218                I2C3_EV_IRQHandler
                0x0000000008003218                EXTI9_5_IRQHandler
                0x0000000008003218                RTC_WKUP_IRQHandler
                0x0000000008003218                PVD_PVM_IRQHandler
                0x0000000008003218                SPI2_IRQHandler
                0x0000000008003218                CAN1_TX_IRQHandler
                0x0000000008003218                DMA2_Channel5_IRQHandler
                0x0000000008003218                EXTI4_IRQHandler
                0x0000000008003218                RNG_IRQHandler
                0x0000000008003218                TIM1_TRG_COM_TIM17_IRQHandler
                0x0000000008003218                DMA1_Channel3_IRQHandler
                0x0000000008003218                COMP_IRQHandler
                0x0000000008003218                WWDG_IRQHandler
                0x0000000008003218                LPUART1_IRQHandler
                0x0000000008003218                DMA2_Channel6_IRQHandler
                0x0000000008003218                TIM2_IRQHandler
                0x0000000008003218                EXTI1_IRQHandler
                0x0000000008003218                USART2_IRQHandler
                0x0000000008003218                DFSDM1_FLT0_IRQHandler
                0x0000000008003218                I2C2_ER_IRQHandler
                0x0000000008003218                DMA1_Channel2_IRQHandler
                0x0000000008003218                TIM8_BRK_IRQHandler
                0x0000000008003218                CAN1_SCE_IRQHandler
                0x0000000008003218                FLASH_IRQHandler
                0x0000000008003218                USART1_IRQHandler
                0x0000000008003218                OTG_FS_IRQHandler
                0x0000000008003218                SPI3_IRQHandler
                0x0000000008003218                I2C1_ER_IRQHandler
                0x0000000008003218                FMC_IRQHandler
                0x0000000008003218                SWPMI1_IRQHandler
                0x0000000008003218                LPTIM1_IRQHandler
                0x0000000008003218                SAI1_IRQHandler
                0x0000000008003218                DMA2_Channel3_IRQHandler
                0x0000000008003218                TIM1_BRK_TIM15_IRQHandler
 .text.HAL_Init
                0x000000000800321a       0x30 Drivers/STM32L4xx_HAL_Driver/Src/stm32l4xx_hal.o
                0x000000000800321a                HAL_Init
 *fill*         0x000000000800324a        0x2 
 .text.HAL_InitTick
                0x000000000800324c       0x78 Drivers/STM32L4xx_HAL_Driver/Src/stm32l4xx_hal.o
                0x000000000800324c                HAL_InitTick
 .text.HAL_IncTick
                0x00000000080032c4       0x28 Drivers/STM32L4xx_HAL_Driver/Src/stm32l4xx_hal.o
                0x00000000080032c4                HAL_IncTick
 .text.HAL_GetTick
                0x00000000080032ec       0x18 Drivers/STM32L4xx_HAL_Driver/Src/stm32l4xx_hal.o
                0x00000000080032ec                HAL_GetTick
 .text.HAL_Delay
                0x0000000008003304       0x44 Drivers/STM32L4xx_HAL_Driver/Src/stm32l4xx_hal.o
                0x0000000008003304                HAL_Delay
 .text.__NVIC_SetPriorityGrouping
                0x0000000008003348       0x48 Drivers/STM32L4xx_HAL_Driver/Src/stm32l4xx_hal_cortex.o
 .text.__NVIC_GetPriorityGrouping
                0x0000000008003390       0x1c Drivers/STM32L4xx_HAL_Driver/Src/stm32l4xx_hal_cortex.o
 .text.__NVIC_EnableIRQ
                0x00000000080033ac       0x3c Drivers/STM32L4xx_HAL_Driver/Src/stm32l4xx_hal_cortex.o
 .text.__NVIC_DisableIRQ
                0x00000000080033e8       0x44 Drivers/STM32L4xx_HAL_Driver/Src/stm32l4xx_hal_cortex.o
 .text.__NVIC_SetPriority
                0x000000000800342c       0x54 Drivers/STM32L4xx_HAL_Driver/Src/stm32l4xx_hal_cortex.o
 .text.NVIC_EncodePriority
                0x0000000008003480       0x66 Drivers/STM32L4xx_HAL_Driver/Src/stm32l4xx_hal_cortex.o
 *fill*         0x00000000080034e6        0x2 
 .text.SysTick_Config
                0x00000000080034e8       0x44 Drivers/STM32L4xx_HAL_Driver/Src/stm32l4xx_hal_cortex.o
 .text.HAL_NVIC_SetPriorityGrouping
                0x000000000800352c       0x16 Drivers/STM32L4xx_HAL_Driver/Src/stm32l4xx_hal_cortex.o
                0x000000000800352c                HAL_NVIC_SetPriorityGrouping
 .text.HAL_NVIC_SetPriority
                0x0000000008003542       0x38 Drivers/STM32L4xx_HAL_Driver/Src/stm32l4xx_hal_cortex.o
                0x0000000008003542                HAL_NVIC_SetPriority
 .text.HAL_NVIC_EnableIRQ
                0x000000000800357a       0x1c Drivers/STM32L4xx_HAL_Driver/Src/stm32l4xx_hal_cortex.o
                0x000000000800357a                HAL_NVIC_EnableIRQ
 .text.HAL_NVIC_DisableIRQ
                0x0000000008003596       0x1c Drivers/STM32L4xx_HAL_Driver/Src/stm32l4xx_hal_cortex.o
                0x0000000008003596                HAL_NVIC_DisableIRQ
 .text.HAL_SYSTICK_Config
                0x00000000080035b2       0x18 Drivers/STM32L4xx_HAL_Driver/Src/stm32l4xx_hal_cortex.o
                0x00000000080035b2                HAL_SYSTICK_Config
 *fill*         0x00000000080035ca        0x2 
 .text.HAL_DMA_Init
                0x00000000080035cc      0x170 Drivers/STM32L4xx_HAL_Driver/Src/stm32l4xx_hal_dma.o
                0x00000000080035cc                HAL_DMA_Init
 .text.HAL_DMA_Start_IT
                0x000000000800373c       0xc0 Drivers/STM32L4xx_HAL_Driver/Src/stm32l4xx_hal_dma.o
                0x000000000800373c                HAL_DMA_Start_IT
 .text.HAL_DMA_Abort_IT
                0x00000000080037fc       0x82 Drivers/STM32L4xx_HAL_Driver/Src/stm32l4xx_hal_dma.o
                0x00000000080037fc                HAL_DMA_Abort_IT
 .text.HAL_DMA_IRQHandler
                0x000000000800387e      0x15e Drivers/STM32L4xx_HAL_Driver/Src/stm32l4xx_hal_dma.o
                0x000000000800387e                HAL_DMA_IRQHandler
 .text.DMA_SetConfig
                0x00000000080039dc       0x60 Drivers/STM32L4xx_HAL_Driver/Src/stm32l4xx_hal_dma.o
 .text.HAL_GPIO_Init
                0x0000000008003a3c      0x350 Drivers/STM32L4xx_HAL_Driver/Src/stm32l4xx_hal_gpio.o
                0x0000000008003a3c                HAL_GPIO_Init
 .text.HAL_GPIO_WritePin
                0x0000000008003d8c       0x30 Drivers/STM32L4xx_HAL_Driver/Src/stm32l4xx_hal_gpio.o
                0x0000000008003d8c                HAL_GPIO_WritePin
 .text.HAL_GPIO_EXTI_IRQHandler
                0x0000000008003dbc       0x30 Drivers/STM32L4xx_HAL_Driver/Src/stm32l4xx_hal_gpio.o
                0x0000000008003dbc                HAL_GPIO_EXTI_IRQHandler
 .text.HAL_GPIO_EXTI_Callback
                0x0000000008003dec       0x16 Drivers/STM32L4xx_HAL_Driver/Src/stm32l4xx_hal_gpio.o
                0x0000000008003dec                HAL_GPIO_EXTI_Callback
 .text.HAL_I2C_Init
                0x0000000008003e02      0x11e Drivers/STM32L4xx_HAL_Driver/Src/stm32l4xx_hal_i2c.o
                0x0000000008003e02                HAL_I2C_Init
 .text.HAL_I2C_Master_Transmit
                0x0000000008003f20      0x1e8 Drivers/STM32L4xx_HAL_Driver/Src/stm32l4xx_hal_i2c.o
                0x0000000008003f20                HAL_I2C_Master_Transmit
 .text.HAL_I2C_Master_Receive
                0x0000000008004108      0x1ec Drivers/STM32L4xx_HAL_Driver/Src/stm32l4xx_hal_i2c.o
                0x0000000008004108                HAL_I2C_Master_Receive
 .text.I2C_Flush_TXDR
                0x00000000080042f4       0x48 Drivers/STM32L4xx_HAL_Driver/Src/stm32l4xx_hal_i2c.o
 .text.I2C_WaitOnFlagUntilTimeout
                0x000000000800433c       0x80 Drivers/STM32L4xx_HAL_Driver/Src/stm32l4xx_hal_i2c.o
 .text.I2C_WaitOnTXISFlagUntilTimeout
                0x00000000080043bc       0x80 Drivers/STM32L4xx_HAL_Driver/Src/stm32l4xx_hal_i2c.o
 .text.I2C_WaitOnSTOPFlagUntilTimeout
                0x000000000800443c       0x78 Drivers/STM32L4xx_HAL_Driver/Src/stm32l4xx_hal_i2c.o
 .text.I2C_WaitOnRXNEFlagUntilTimeout
                0x00000000080044b4       0xd8 Drivers/STM32L4xx_HAL_Driver/Src/stm32l4xx_hal_i2c.o
 .text.I2C_IsAcknowledgeFailed
                0x000000000800458c       0xcc Drivers/STM32L4xx_HAL_Driver/Src/stm32l4xx_hal_i2c.o
 .text.I2C_TransferConfig
                0x0000000008004658       0x5c Drivers/STM32L4xx_HAL_Driver/Src/stm32l4xx_hal_i2c.o
 .text.HAL_I2CEx_ConfigAnalogFilter
                0x00000000080046b4       0x96 Drivers/STM32L4xx_HAL_Driver/Src/stm32l4xx_hal_i2c_ex.o
                0x00000000080046b4                HAL_I2CEx_ConfigAnalogFilter
 .text.HAL_I2CEx_ConfigDigitalFilter
                0x000000000800474a       0x98 Drivers/STM32L4xx_HAL_Driver/Src/stm32l4xx_hal_i2c_ex.o
                0x000000000800474a                HAL_I2CEx_ConfigDigitalFilter
 *fill*         0x00000000080047e2        0x2 
 .text.HAL_PWREx_GetVoltageRange
                0x00000000080047e4       0x1c Drivers/STM32L4xx_HAL_Driver/Src/stm32l4xx_hal_pwr_ex.o
                0x00000000080047e4                HAL_PWREx_GetVoltageRange
 .text.HAL_PWREx_ControlVoltageScaling
                0x0000000008004800       0xac Drivers/STM32L4xx_HAL_Driver/Src/stm32l4xx_hal_pwr_ex.o
                0x0000000008004800                HAL_PWREx_ControlVoltageScaling
 .text.HAL_RCC_OscConfig
                0x00000000080048ac      0x7cc Drivers/STM32L4xx_HAL_Driver/Src/stm32l4xx_hal_rcc.o
                0x00000000080048ac                HAL_RCC_OscConfig
 .text.HAL_RCC_ClockConfig
                0x0000000008005078      0x1c4 Drivers/STM32L4xx_HAL_Driver/Src/stm32l4xx_hal_rcc.o
                0x0000000008005078                HAL_RCC_ClockConfig
 .text.HAL_RCC_GetSysClockFreq
                0x000000000800523c      0x114 Drivers/STM32L4xx_HAL_Driver/Src/stm32l4xx_hal_rcc.o
                0x000000000800523c                HAL_RCC_GetSysClockFreq
 .text.HAL_RCC_GetHCLKFreq
                0x0000000008005350       0x18 Drivers/STM32L4xx_HAL_Driver/Src/stm32l4xx_hal_rcc.o
                0x0000000008005350                HAL_RCC_GetHCLKFreq
 .text.HAL_RCC_GetPCLK1Freq
                0x0000000008005368       0x2c Drivers/STM32L4xx_HAL_Driver/Src/stm32l4xx_hal_rcc.o
                0x0000000008005368                HAL_RCC_GetPCLK1Freq
 .text.HAL_RCC_GetPCLK2Freq
                0x0000000008005394       0x2c Drivers/STM32L4xx_HAL_Driver/Src/stm32l4xx_hal_rcc.o
                0x0000000008005394                HAL_RCC_GetPCLK2Freq
 .text.RCC_SetFlashLatencyFromMSIRange
                0x00000000080053c0       0xc0 Drivers/STM32L4xx_HAL_Driver/Src/stm32l4xx_hal_rcc.o
 .text.HAL_RCCEx_PeriphCLKConfig
                0x0000000008005480      0x5cc Drivers/STM32L4xx_HAL_Driver/Src/stm32l4xx_hal_rcc_ex.o
                0x0000000008005480                HAL_RCCEx_PeriphCLKConfig
 .text.RCCEx_PLLSAI1_Config
                0x0000000008005a4c      0x1e0 Drivers/STM32L4xx_HAL_Driver/Src/stm32l4xx_hal_rcc_ex.o
 .text.RCCEx_PLLSAI2_Config
                0x0000000008005c2c      0x1b4 Drivers/STM32L4xx_HAL_Driver/Src/stm32l4xx_hal_rcc_ex.o
 .text.HAL_RNG_Init
                0x0000000008005de0       0xa0 Drivers/STM32L4xx_HAL_Driver/Src/stm32l4xx_hal_rng.o
                0x0000000008005de0                HAL_RNG_Init
 .text.HAL_SPI_Init
                0x0000000008005e80      0x146 Drivers/STM32L4xx_HAL_Driver/Src/stm32l4xx_hal_spi.o
                0x0000000008005e80                HAL_SPI_Init
 .text.HAL_SPI_Transmit
                0x0000000008005fc6      0x2dc Drivers/STM32L4xx_HAL_Driver/Src/stm32l4xx_hal_spi.o
                0x0000000008005fc6                HAL_SPI_Transmit
 .text.HAL_SPI_TransmitReceive
                0x00000000080062a2      0x426 Drivers/STM32L4xx_HAL_Driver/Src/stm32l4xx_hal_spi.o
                0x00000000080062a2                HAL_SPI_TransmitReceive
 .text.HAL_SPI_GetState
                0x00000000080066c8       0x1c Drivers/STM32L4xx_HAL_Driver/Src/stm32l4xx_hal_spi.o
                0x00000000080066c8                HAL_SPI_GetState
 .text.SPI_WaitFlagStateUntilTimeout
                0x00000000080066e4      0x110 Drivers/STM32L4xx_HAL_Driver/Src/stm32l4xx_hal_spi.o
 .text.SPI_WaitFifoStateUntilTimeout
                0x00000000080067f4      0x11c Drivers/STM32L4xx_HAL_Driver/Src/stm32l4xx_hal_spi.o
 .text.SPI_EndRxTxTransaction
                0x0000000008006910       0x8c Drivers/STM32L4xx_HAL_Driver/Src/stm32l4xx_hal_spi.o
 .text.HAL_TIM_Base_Init
                0x000000000800699c       0xae Drivers/STM32L4xx_HAL_Driver/Src/stm32l4xx_hal_tim.o
                0x000000000800699c                HAL_TIM_Base_Init
 *fill*         0x0000000008006a4a        0x2 
 .text.HAL_TIM_Base_Start_IT
                0x0000000008006a4c       0xe0 Drivers/STM32L4xx_HAL_Driver/Src/stm32l4xx_hal_tim.o
                0x0000000008006a4c                HAL_TIM_Base_Start_IT
 .text.HAL_TIM_Base_Stop_IT
                0x0000000008006b2c       0x5e Drivers/STM32L4xx_HAL_Driver/Src/stm32l4xx_hal_tim.o
                0x0000000008006b2c                HAL_TIM_Base_Stop_IT
 .text.HAL_TIM_PWM_Init
                0x0000000008006b8a       0xae Drivers/STM32L4xx_HAL_Driver/Src/stm32l4xx_hal_tim.o
                0x0000000008006b8a                HAL_TIM_PWM_Init
 .text.HAL_TIM_PWM_MspInit
                0x0000000008006c38       0x14 Drivers/STM32L4xx_HAL_Driver/Src/stm32l4xx_hal_tim.o
                0x0000000008006c38                HAL_TIM_PWM_MspInit
 .text.HAL_TIM_PWM_Start
                0x0000000008006c4c      0x20c Drivers/STM32L4xx_HAL_Driver/Src/stm32l4xx_hal_tim.o
                0x0000000008006c4c                HAL_TIM_PWM_Start
 .text.HAL_TIM_PWM_Stop
                0x0000000008006e58      0x12c Drivers/STM32L4xx_HAL_Driver/Src/stm32l4xx_hal_tim.o
                0x0000000008006e58                HAL_TIM_PWM_Stop
 .text.HAL_TIM_PWM_Start_DMA
                0x0000000008006f84      0x430 Drivers/STM32L4xx_HAL_Driver/Src/stm32l4xx_hal_tim.o
                0x0000000008006f84                HAL_TIM_PWM_Start_DMA
 .text.HAL_TIM_PWM_Stop_DMA
                0x00000000080073b4      0x1e0 Drivers/STM32L4xx_HAL_Driver/Src/stm32l4xx_hal_tim.o
                0x00000000080073b4                HAL_TIM_PWM_Stop_DMA
 .text.HAL_TIM_IRQHandler
                0x0000000008007594      0x23e Drivers/STM32L4xx_HAL_Driver/Src/stm32l4xx_hal_tim.o
                0x0000000008007594                HAL_TIM_IRQHandler
 *fill*         0x00000000080077d2        0x2 
 .text.HAL_TIM_PWM_ConfigChannel
                0x00000000080077d4      0x220 Drivers/STM32L4xx_HAL_Driver/Src/stm32l4xx_hal_tim.o
                0x00000000080077d4                HAL_TIM_PWM_ConfigChannel
 .text.HAL_TIM_ConfigClockSource
                0x00000000080079f4      0x172 Drivers/STM32L4xx_HAL_Driver/Src/stm32l4xx_hal_tim.o
                0x00000000080079f4                HAL_TIM_ConfigClockSource
 .text.HAL_TIM_PeriodElapsedCallback
                0x0000000008007b66       0x14 Drivers/STM32L4xx_HAL_Driver/Src/stm32l4xx_hal_tim.o
                0x0000000008007b66                HAL_TIM_PeriodElapsedCallback
 .text.HAL_TIM_OC_DelayElapsedCallback
                0x0000000008007b7a       0x14 Drivers/STM32L4xx_HAL_Driver/Src/stm32l4xx_hal_tim.o
                0x0000000008007b7a                HAL_TIM_OC_DelayElapsedCallback
 .text.HAL_TIM_IC_CaptureCallback
                0x0000000008007b8e       0x14 Drivers/STM32L4xx_HAL_Driver/Src/stm32l4xx_hal_tim.o
                0x0000000008007b8e                HAL_TIM_IC_CaptureCallback
 .text.HAL_TIM_TriggerCallback
                0x0000000008007ba2       0x14 Drivers/STM32L4xx_HAL_Driver/Src/stm32l4xx_hal_tim.o
                0x0000000008007ba2                HAL_TIM_TriggerCallback
 .text.HAL_TIM_ErrorCallback
                0x0000000008007bb6       0x14 Drivers/STM32L4xx_HAL_Driver/Src/stm32l4xx_hal_tim.o
                0x0000000008007bb6                HAL_TIM_ErrorCallback
 .text.TIM_DMAError
                0x0000000008007bca       0x92 Drivers/STM32L4xx_HAL_Driver/Src/stm32l4xx_hal_tim.o
                0x0000000008007bca                TIM_DMAError
 .text.TIM_DMADelayPulseCplt
                0x0000000008007c5c       0xa8 Drivers/STM32L4xx_HAL_Driver/Src/stm32l4xx_hal_tim.o
 .text.TIM_DMADelayPulseHalfCplt
                0x0000000008007d04       0x68 Drivers/STM32L4xx_HAL_Driver/Src/stm32l4xx_hal_tim.o
                0x0000000008007d04                TIM_DMADelayPulseHalfCplt
 .text.TIM_Base_SetConfig
                0x0000000008007d6c      0x134 Drivers/STM32L4xx_HAL_Driver/Src/stm32l4xx_hal_tim.o
                0x0000000008007d6c                TIM_Base_SetConfig
 .text.TIM_OC1_SetConfig
                0x0000000008007ea0      0x120 Drivers/STM32L4xx_HAL_Driver/Src/stm32l4xx_hal_tim.o
 .text.TIM_OC2_SetConfig
                0x0000000008007fc0      0x114 Drivers/STM32L4xx_HAL_Driver/Src/stm32l4xx_hal_tim.o
                0x0000000008007fc0                TIM_OC2_SetConfig
 .text.TIM_OC3_SetConfig
                0x00000000080080d4      0x110 Drivers/STM32L4xx_HAL_Driver/Src/stm32l4xx_hal_tim.o
 .text.TIM_OC4_SetConfig
                0x00000000080081e4       0xd4 Drivers/STM32L4xx_HAL_Driver/Src/stm32l4xx_hal_tim.o
 .text.TIM_OC5_SetConfig
                0x00000000080082b8       0xc8 Drivers/STM32L4xx_HAL_Driver/Src/stm32l4xx_hal_tim.o
 .text.TIM_OC6_SetConfig
                0x0000000008008380       0xcc Drivers/STM32L4xx_HAL_Driver/Src/stm32l4xx_hal_tim.o
 .text.TIM_TI1_ConfigInputStage
                0x000000000800844c       0x5e Drivers/STM32L4xx_HAL_Driver/Src/stm32l4xx_hal_tim.o
 .text.TIM_TI2_ConfigInputStage
                0x00000000080084aa       0x60 Drivers/STM32L4xx_HAL_Driver/Src/stm32l4xx_hal_tim.o
 .text.TIM_ITRx_SetConfig
                0x000000000800850a       0x36 Drivers/STM32L4xx_HAL_Driver/Src/stm32l4xx_hal_tim.o
 .text.TIM_ETR_SetConfig
                0x0000000008008540       0x40 Drivers/STM32L4xx_HAL_Driver/Src/stm32l4xx_hal_tim.o
                0x0000000008008540                TIM_ETR_SetConfig
 .text.TIM_CCxChannelCmd
                0x0000000008008580       0x4a Drivers/STM32L4xx_HAL_Driver/Src/stm32l4xx_hal_tim.o
                0x0000000008008580                TIM_CCxChannelCmd
 *fill*         0x00000000080085ca        0x2 
 .text.HAL_TIMEx_MasterConfigSynchronization
                0x00000000080085cc      0x110 Drivers/STM32L4xx_HAL_Driver/Src/stm32l4xx_hal_tim_ex.o
                0x00000000080085cc                HAL_TIMEx_MasterConfigSynchronization
 .text.HAL_TIMEx_CommutCallback
                0x00000000080086dc       0x14 Drivers/STM32L4xx_HAL_Driver/Src/stm32l4xx_hal_tim_ex.o
                0x00000000080086dc                HAL_TIMEx_CommutCallback
 .text.HAL_TIMEx_BreakCallback
                0x00000000080086f0       0x14 Drivers/STM32L4xx_HAL_Driver/Src/stm32l4xx_hal_tim_ex.o
                0x00000000080086f0                HAL_TIMEx_BreakCallback
 .text.HAL_TIMEx_Break2Callback
                0x0000000008008704       0x14 Drivers/STM32L4xx_HAL_Driver/Src/stm32l4xx_hal_tim_ex.o
                0x0000000008008704                HAL_TIMEx_Break2Callback
 .text.HAL_UART_Init
                0x0000000008008718       0x9c Drivers/STM32L4xx_HAL_Driver/Src/stm32l4xx_hal_uart.o
                0x0000000008008718                HAL_UART_Init
 .text.HAL_UART_Transmit
                0x00000000080087b4      0x126 Drivers/STM32L4xx_HAL_Driver/Src/stm32l4xx_hal_uart.o
                0x00000000080087b4                HAL_UART_Transmit
 *fill*         0x00000000080088da        0x2 
 .text.UART_SetConfig
                0x00000000080088dc      0x514 Drivers/STM32L4xx_HAL_Driver/Src/stm32l4xx_hal_uart.o
                0x00000000080088dc                UART_SetConfig
 .text.UART_AdvFeatureConfig
                0x0000000008008df0      0x144 Drivers/STM32L4xx_HAL_Driver/Src/stm32l4xx_hal_uart.o
                0x0000000008008df0                UART_AdvFeatureConfig
 .text.UART_CheckIdleState
                0x0000000008008f34       0x8a Drivers/STM32L4xx_HAL_Driver/Src/stm32l4xx_hal_uart.o
                0x0000000008008f34                UART_CheckIdleState
 .text.UART_WaitOnFlagUntilTimeout
                0x0000000008008fbe       0xf6 Drivers/STM32L4xx_HAL_Driver/Src/stm32l4xx_hal_uart.o
                0x0000000008008fbe                UART_WaitOnFlagUntilTimeout
 .text.MX_FATFS_Init
                0x00000000080090b4       0x24 FATFS/App/fatfs.o
                0x00000000080090b4                MX_FATFS_Init
 .text.get_fattime
                0x00000000080090d8       0x10 FATFS/App/fatfs.o
                0x00000000080090d8                get_fattime
 .text.USER_initialize
                0x00000000080090e8       0x1c FATFS/Target/user_diskio.o
                0x00000000080090e8                USER_initialize
 .text.USER_status
                0x0000000008009104       0x1c FATFS/Target/user_diskio.o
                0x0000000008009104                USER_status
 .text.USER_read
                0x0000000008009120       0x26 FATFS/Target/user_diskio.o
                0x0000000008009120                USER_read
 .text.USER_write
                0x0000000008009146       0x26 FATFS/Target/user_diskio.o
                0x0000000008009146                USER_write
 .text.USER_ioctl
                0x000000000800916c       0x26 FATFS/Target/user_diskio.o
                0x000000000800916c                USER_ioctl
 *fill*         0x0000000008009192        0x2 
 .text.disk_status
                0x0000000008009194       0x34 Middlewares/Third_Party/FatFs/src/diskio.o
                0x0000000008009194                disk_status
 .text.disk_initialize
                0x00000000080091c8       0x4c Middlewares/Third_Party/FatFs/src/diskio.o
                0x00000000080091c8                disk_initialize
 .text.disk_read
                0x0000000008009214       0x40 Middlewares/Third_Party/FatFs/src/diskio.o
                0x0000000008009214                disk_read
 .text.disk_write
                0x0000000008009254       0x40 Middlewares/Third_Party/FatFs/src/diskio.o
                0x0000000008009254                disk_write
 .text.disk_ioctl
                0x0000000008009294       0x3c Middlewares/Third_Party/FatFs/src/diskio.o
                0x0000000008009294                disk_ioctl
 .text.ld_word  0x00000000080092d0       0x30 Middlewares/Third_Party/FatFs/src/ff.o
 .text.ld_dword
                0x0000000008009300       0x46 Middlewares/Third_Party/FatFs/src/ff.o
 .text.st_word  0x0000000008009346       0x36 Middlewares/Third_Party/FatFs/src/ff.o
 .text.st_dword
                0x000000000800937c       0x58 Middlewares/Third_Party/FatFs/src/ff.o
 .text.mem_cpy  0x00000000080093d4       0x42 Middlewares/Third_Party/FatFs/src/ff.o
 .text.mem_set  0x0000000008009416       0x34 Middlewares/Third_Party/FatFs/src/ff.o
 .text.mem_cmp  0x000000000800944a       0x4e Middlewares/Third_Party/FatFs/src/ff.o
 .text.chk_chr  0x0000000008009498       0x36 Middlewares/Third_Party/FatFs/src/ff.o
 *fill*         0x00000000080094ce        0x2 
 .text.chk_lock
                0x00000000080094d0       0xb8 Middlewares/Third_Party/FatFs/src/ff.o
 .text.enq_lock
                0x0000000008009588       0x44 Middlewares/Third_Party/FatFs/src/ff.o
 .text.inc_lock
                0x00000000080095cc      0x11c Middlewares/Third_Party/FatFs/src/ff.o
 .text.dec_lock
                0x00000000080096e8       0x78 Middlewares/Third_Party/FatFs/src/ff.o
 .text.clear_lock
                0x0000000008009760       0x48 Middlewares/Third_Party/FatFs/src/ff.o
 .text.sync_window
                0x00000000080097a8       0x88 Middlewares/Third_Party/FatFs/src/ff.o
 .text.move_window
                0x0000000008009830       0x5a Middlewares/Third_Party/FatFs/src/ff.o
 *fill*         0x000000000800988a        0x2 
 .text.sync_fs  0x000000000800988c       0xe0 Middlewares/Third_Party/FatFs/src/ff.o
 .text.clust2sect
                0x000000000800996c       0x3e Middlewares/Third_Party/FatFs/src/ff.o
 .text.get_fat  0x00000000080099aa      0x1a0 Middlewares/Third_Party/FatFs/src/ff.o
 .text.put_fat  0x0000000008009b4a      0x22e Middlewares/Third_Party/FatFs/src/ff.o
 .text.remove_chain
                0x0000000008009d78       0xca Middlewares/Third_Party/FatFs/src/ff.o
 .text.create_chain
                0x0000000008009e42      0x130 Middlewares/Third_Party/FatFs/src/ff.o
 .text.clmt_clust
                0x0000000008009f72       0x70 Middlewares/Third_Party/FatFs/src/ff.o
 .text.dir_sdi  0x0000000008009fe2      0x112 Middlewares/Third_Party/FatFs/src/ff.o
 .text.dir_next
                0x000000000800a0f4      0x1ac Middlewares/Third_Party/FatFs/src/ff.o
 .text.dir_alloc
                0x000000000800a2a0       0x8e Middlewares/Third_Party/FatFs/src/ff.o
 .text.ld_clust
                0x000000000800a32e       0x3e Middlewares/Third_Party/FatFs/src/ff.o
 .text.st_clust
                0x000000000800a36c       0x40 Middlewares/Third_Party/FatFs/src/ff.o
 .text.cmp_lfn  0x000000000800a3ac       0xe0 Middlewares/Third_Party/FatFs/src/ff.o
 .text.put_lfn  0x000000000800a48c       0xd0 Middlewares/Third_Party/FatFs/src/ff.o
 .text.gen_numname
                0x000000000800a55c      0x11e Middlewares/Third_Party/FatFs/src/ff.o
 .text.sum_sfn  0x000000000800a67a       0x42 Middlewares/Third_Party/FatFs/src/ff.o
 .text.dir_find
                0x000000000800a6bc      0x180 Middlewares/Third_Party/FatFs/src/ff.o
 .text.dir_register
                0x000000000800a83c      0x1f0 Middlewares/Third_Party/FatFs/src/ff.o
 .text.create_name
                0x000000000800aa2c      0x370 Middlewares/Third_Party/FatFs/src/ff.o
 .text.follow_path
                0x000000000800ad9c       0xec Middlewares/Third_Party/FatFs/src/ff.o
 .text.get_ldnumber
                0x000000000800ae88       0x88 Middlewares/Third_Party/FatFs/src/ff.o
 .text.check_fs
                0x000000000800af10       0xac Middlewares/Third_Party/FatFs/src/ff.o
 .text.find_volume
                0x000000000800afbc      0x510 Middlewares/Third_Party/FatFs/src/ff.o
 .text.validate
                0x000000000800b4cc       0x6a Middlewares/Third_Party/FatFs/src/ff.o
 *fill*         0x000000000800b536        0x2 
 .text.f_mount  0x000000000800b538       0x8c Middlewares/Third_Party/FatFs/src/ff.o
                0x000000000800b538                f_mount
 .text.f_open   0x000000000800b5c4      0x398 Middlewares/Third_Party/FatFs/src/ff.o
                0x000000000800b5c4                f_open
 .text.f_read   0x000000000800b95c      0x2be Middlewares/Third_Party/FatFs/src/ff.o
                0x000000000800b95c                f_read
 .text.f_write  0x000000000800bc1a      0x328 Middlewares/Third_Party/FatFs/src/ff.o
                0x000000000800bc1a                f_write
 .text.f_sync   0x000000000800bf42       0xfc Middlewares/Third_Party/FatFs/src/ff.o
                0x000000000800bf42                f_sync
 .text.f_close  0x000000000800c03e       0x54 Middlewares/Third_Party/FatFs/src/ff.o
                0x000000000800c03e                f_close
 .text.f_gets   0x000000000800c092       0x7a Middlewares/Third_Party/FatFs/src/ff.o
                0x000000000800c092                f_gets
 .text.putc_bfd
                0x000000000800c10c       0x7a Middlewares/Third_Party/FatFs/src/ff.o
 .text.putc_flush
                0x000000000800c186       0x4c Middlewares/Third_Party/FatFs/src/ff.o
 .text.putc_init
                0x000000000800c1d2       0x2a Middlewares/Third_Party/FatFs/src/ff.o
 .text.f_puts   0x000000000800c1fc       0x48 Middlewares/Third_Party/FatFs/src/ff.o
                0x000000000800c1fc                f_puts
 .text.FATFS_LinkDriverEx
                0x000000000800c244       0x98 Middlewares/Third_Party/FatFs/src/ff_gen_drv.o
                0x000000000800c244                FATFS_LinkDriverEx
 .text.FATFS_LinkDriver
                0x000000000800c2dc       0x1e Middlewares/Third_Party/FatFs/src/ff_gen_drv.o
                0x000000000800c2dc                FATFS_LinkDriver
 *fill*         0x000000000800c2fa        0x2 
 .text.ff_convert
                0x000000000800c2fc       0x78 Middlewares/Third_Party/FatFs/src/option/ccsbcs.o
                0x000000000800c2fc                ff_convert
 .text.ff_wtoupper
                0x000000000800c374      0x114 Middlewares/Third_Party/FatFs/src/option/ccsbcs.o
                0x000000000800c374                ff_wtoupper
 .text.__libc_init_array
                0x000000000800c488       0x48 c:/st/stm32cubeide_1.5.0/stm32cubeide/plugins/com.st.stm32cube.ide.mcu.externaltools.gnu-tools-for-stm32.7-2018-q2-update.win32_1.5.0.202011040924/tools/bin/../lib/gcc/arm-none-eabi/7.3.1/../../../../arm-none-eabi/lib/thumb/v7e-m/fpv4-sp/hard\libc_nano.a(lib_a-init.o)
                0x000000000800c488                __libc_init_array
 .text.__itoa   0x000000000800c4d0       0x30 c:/st/stm32cubeide_1.5.0/stm32cubeide/plugins/com.st.stm32cube.ide.mcu.externaltools.gnu-tools-for-stm32.7-2018-q2-update.win32_1.5.0.202011040924/tools/bin/../lib/gcc/arm-none-eabi/7.3.1/../../../../arm-none-eabi/lib/thumb/v7e-m/fpv4-sp/hard\libc_nano.a(lib_a-itoa.o)
                0x000000000800c4d0                __itoa
 .text.itoa     0x000000000800c500        0x4 c:/st/stm32cubeide_1.5.0/stm32cubeide/plugins/com.st.stm32cube.ide.mcu.externaltools.gnu-tools-for-stm32.7-2018-q2-update.win32_1.5.0.202011040924/tools/bin/../lib/gcc/arm-none-eabi/7.3.1/../../../../arm-none-eabi/lib/thumb/v7e-m/fpv4-sp/hard\libc_nano.a(lib_a-itoa.o)
                0x000000000800c500                itoa
 .text.memset   0x000000000800c504       0x10 c:/st/stm32cubeide_1.5.0/stm32cubeide/plugins/com.st.stm32cube.ide.mcu.externaltools.gnu-tools-for-stm32.7-2018-q2-update.win32_1.5.0.202011040924/tools/bin/../lib/gcc/arm-none-eabi/7.3.1/../../../../arm-none-eabi/lib/thumb/v7e-m/fpv4-sp/hard\libc_nano.a(lib_a-memset.o)
                0x000000000800c504                memset
 .text.strcat   0x000000000800c514       0x1e c:/st/stm32cubeide_1.5.0/stm32cubeide/plugins/com.st.stm32cube.ide.mcu.externaltools.gnu-tools-for-stm32.7-2018-q2-update.win32_1.5.0.202011040924/tools/bin/../lib/gcc/arm-none-eabi/7.3.1/../../../../arm-none-eabi/lib/thumb/v7e-m/fpv4-sp/hard\libc_nano.a(lib_a-strcat.o)
                0x000000000800c514                strcat
 .text.strcpy   0x000000000800c532       0x10 c:/st/stm32cubeide_1.5.0/stm32cubeide/plugins/com.st.stm32cube.ide.mcu.externaltools.gnu-tools-for-stm32.7-2018-q2-update.win32_1.5.0.202011040924/tools/bin/../lib/gcc/arm-none-eabi/7.3.1/../../../../arm-none-eabi/lib/thumb/v7e-m/fpv4-sp/hard\libc_nano.a(lib_a-strcpy.o)
                0x000000000800c532                strcpy
 *fill*         0x000000000800c542        0x2 
 .text.__utoa   0x000000000800c544       0x7c c:/st/stm32cubeide_1.5.0/stm32cubeide/plugins/com.st.stm32cube.ide.mcu.externaltools.gnu-tools-for-stm32.7-2018-q2-update.win32_1.5.0.202011040924/tools/bin/../lib/gcc/arm-none-eabi/7.3.1/../../../../arm-none-eabi/lib/thumb/v7e-m/fpv4-sp/hard\libc_nano.a(lib_a-utoa.o)
                0x000000000800c544                __utoa
 *(.glue_7)
 .glue_7        0x000000000800c5c0        0x0 linker stubs
 *(.glue_7t)
 .glue_7t       0x000000000800c5c0        0x0 linker stubs
 *(.eh_frame)
 .eh_frame      0x000000000800c5c0        0x0 c:/st/stm32cubeide_1.5.0/stm32cubeide/plugins/com.st.stm32cube.ide.mcu.externaltools.gnu-tools-for-stm32.7-2018-q2-update.win32_1.5.0.202011040924/tools/bin/../lib/gcc/arm-none-eabi/7.3.1/thumb/v7e-m/fpv4-sp/hard/crtbegin.o
 *(.init)
 .init          0x000000000800c5c0        0x4 c:/st/stm32cubeide_1.5.0/stm32cubeide/plugins/com.st.stm32cube.ide.mcu.externaltools.gnu-tools-for-stm32.7-2018-q2-update.win32_1.5.0.202011040924/tools/bin/../lib/gcc/arm-none-eabi/7.3.1/thumb/v7e-m/fpv4-sp/hard/crti.o
                0x000000000800c5c0                _init
 .init          0x000000000800c5c4        0x8 c:/st/stm32cubeide_1.5.0/stm32cubeide/plugins/com.st.stm32cube.ide.mcu.externaltools.gnu-tools-for-stm32.7-2018-q2-update.win32_1.5.0.202011040924/tools/bin/../lib/gcc/arm-none-eabi/7.3.1/thumb/v7e-m/fpv4-sp/hard/crtn.o
 *(.fini)
 .fini          0x000000000800c5cc        0x4 c:/st/stm32cubeide_1.5.0/stm32cubeide/plugins/com.st.stm32cube.ide.mcu.externaltools.gnu-tools-for-stm32.7-2018-q2-update.win32_1.5.0.202011040924/tools/bin/../lib/gcc/arm-none-eabi/7.3.1/thumb/v7e-m/fpv4-sp/hard/crti.o
                0x000000000800c5cc                _fini
 .fini          0x000000000800c5d0        0x8 c:/st/stm32cubeide_1.5.0/stm32cubeide/plugins/com.st.stm32cube.ide.mcu.externaltools.gnu-tools-for-stm32.7-2018-q2-update.win32_1.5.0.202011040924/tools/bin/../lib/gcc/arm-none-eabi/7.3.1/thumb/v7e-m/fpv4-sp/hard/crtn.o
                0x000000000800c5d8                . = ALIGN (0x4)
                0x000000000800c5d8                _etext = .

.vfp11_veneer   0x000000000800c5d8        0x0
 .vfp11_veneer  0x000000000800c5d8        0x0 linker stubs

.v4_bx          0x000000000800c5d8        0x0
 .v4_bx         0x000000000800c5d8        0x0 linker stubs

.iplt           0x000000000800c5d8        0x0
 .iplt          0x000000000800c5d8        0x0 c:/st/stm32cubeide_1.5.0/stm32cubeide/plugins/com.st.stm32cube.ide.mcu.externaltools.gnu-tools-for-stm32.7-2018-q2-update.win32_1.5.0.202011040924/tools/bin/../lib/gcc/arm-none-eabi/7.3.1/thumb/v7e-m/fpv4-sp/hard/crtbegin.o

.rodata         0x000000000800c5d8      0x7b4
                0x000000000800c5d8                . = ALIGN (0x4)
 *(.rodata)
 .rodata        0x000000000800c5d8      0x11f Core/Src/main.o
 *fill*         0x000000000800c6f7        0x1 
 .rodata        0x000000000800c6f8      0x183 Core/Src/pn532.o
 *fill*         0x000000000800c87b        0x1 
 .rodata        0x000000000800c87c        0xe Core/Src/stm32l4xx_it.o
 *fill*         0x000000000800c88a        0x2 
 .rodata        0x000000000800c88c       0x48 Middlewares/Third_Party/FatFs/src/ff.o
 *(.rodata*)
 .rodata.PN532_ACK
                0x000000000800c8d4        0x6 Core/Src/pn532.o
                0x000000000800c8d4                PN532_ACK
 *fill*         0x000000000800c8da        0x2 
 .rodata.AHBPrescTable
                0x000000000800c8dc       0x10 Core/Src/system_stm32l4xx.o
                0x000000000800c8dc                AHBPrescTable
 .rodata.APBPrescTable
                0x000000000800c8ec        0x8 Core/Src/system_stm32l4xx.o
                0x000000000800c8ec                APBPrescTable
 .rodata.MSIRangeTable
                0x000000000800c8f4       0x30 Core/Src/system_stm32l4xx.o
                0x000000000800c8f4                MSIRangeTable
 .rodata.ExCvt  0x000000000800c924       0x80 Middlewares/Third_Party/FatFs/src/ff.o
 .rodata.LfnOfs
                0x000000000800c9a4        0xd Middlewares/Third_Party/FatFs/src/ff.o
 *fill*         0x000000000800c9b1        0x3 
 .rodata.Tbl    0x000000000800c9b4      0x100 Middlewares/Third_Party/FatFs/src/option/ccsbcs.o
 .rodata.cvt1.9699
                0x000000000800cab4      0x1f2 Middlewares/Third_Party/FatFs/src/option/ccsbcs.o
 *fill*         0x000000000800cca6        0x2 
 .rodata.cvt2.9700
                0x000000000800cca8       0xbc Middlewares/Third_Party/FatFs/src/option/ccsbcs.o
 .rodata.__utoa.str1.1
                0x000000000800cd64       0x25 c:/st/stm32cubeide_1.5.0/stm32cubeide/plugins/com.st.stm32cube.ide.mcu.externaltools.gnu-tools-for-stm32.7-2018-q2-update.win32_1.5.0.202011040924/tools/bin/../lib/gcc/arm-none-eabi/7.3.1/../../../../arm-none-eabi/lib/thumb/v7e-m/fpv4-sp/hard\libc_nano.a(lib_a-utoa.o)
                0x000000000800cd8c                . = ALIGN (0x4)
 *fill*         0x000000000800cd89        0x3 

.ARM.extab      0x000000000800cd8c        0x0
                0x000000000800cd8c                . = ALIGN (0x4)
 *(.ARM.extab* .gnu.linkonce.armextab.*)
                0x000000000800cd8c                . = ALIGN (0x4)

.ARM            0x000000000800cd8c        0x8
                0x000000000800cd8c                . = ALIGN (0x4)
                0x000000000800cd8c                __exidx_start = .
 *(.ARM.exidx*)
 .ARM.exidx     0x000000000800cd8c        0x8 c:/st/stm32cubeide_1.5.0/stm32cubeide/plugins/com.st.stm32cube.ide.mcu.externaltools.gnu-tools-for-stm32.7-2018-q2-update.win32_1.5.0.202011040924/tools/bin/../lib/gcc/arm-none-eabi/7.3.1/thumb/v7e-m/fpv4-sp/hard\libgcc.a(_udivmoddi4.o)
                0x000000000800cd94                __exidx_end = .
                0x000000000800cd94                . = ALIGN (0x4)

.rel.dyn        0x000000000800cd94        0x0
 .rel.iplt      0x000000000800cd94        0x0 c:/st/stm32cubeide_1.5.0/stm32cubeide/plugins/com.st.stm32cube.ide.mcu.externaltools.gnu-tools-for-stm32.7-2018-q2-update.win32_1.5.0.202011040924/tools/bin/../lib/gcc/arm-none-eabi/7.3.1/thumb/v7e-m/fpv4-sp/hard/crtbegin.o

.preinit_array  0x000000000800cd94        0x0
                0x000000000800cd94                . = ALIGN (0x4)
                0x000000000800cd94                PROVIDE (__preinit_array_start = .)
 *(.preinit_array*)
                0x000000000800cd94                PROVIDE (__preinit_array_end = .)
                0x000000000800cd94                . = ALIGN (0x4)

.init_array     0x000000000800cd94        0x4
                0x000000000800cd94                . = ALIGN (0x4)
                0x000000000800cd94                PROVIDE (__init_array_start = .)
 *(SORT_BY_NAME(.init_array.*))
 *(.init_array*)
 .init_array    0x000000000800cd94        0x4 c:/st/stm32cubeide_1.5.0/stm32cubeide/plugins/com.st.stm32cube.ide.mcu.externaltools.gnu-tools-for-stm32.7-2018-q2-update.win32_1.5.0.202011040924/tools/bin/../lib/gcc/arm-none-eabi/7.3.1/thumb/v7e-m/fpv4-sp/hard/crtbegin.o
                0x000000000800cd98                PROVIDE (__init_array_end = .)
                0x000000000800cd98                . = ALIGN (0x4)

.fini_array     0x000000000800cd98        0x4
                0x000000000800cd98                . = ALIGN (0x4)
                [!provide]                        PROVIDE (__fini_array_start = .)
 *(SORT_BY_NAME(.fini_array.*))
 *(.fini_array*)
 .fini_array    0x000000000800cd98        0x4 c:/st/stm32cubeide_1.5.0/stm32cubeide/plugins/com.st.stm32cube.ide.mcu.externaltools.gnu-tools-for-stm32.7-2018-q2-update.win32_1.5.0.202011040924/tools/bin/../lib/gcc/arm-none-eabi/7.3.1/thumb/v7e-m/fpv4-sp/hard/crtbegin.o
                [!provide]                        PROVIDE (__fini_array_end = .)
                0x000000000800cd9c                . = ALIGN (0x4)
                0x000000000800cd9c                _sidata = LOADADDR (.data)

.data           0x0000000020000000      0x1b4 load address 0x000000000800cd9c
                0x0000000020000000                . = ALIGN (0x4)
                0x0000000020000000                _sdata = .
 *(.data)
 *(.data*)
 .data.Stat     0x0000000020000000        0x1 Core/Src/fatfs_sd.o
 *fill*         0x0000000020000001        0x3 
 .data.my_hash  0x0000000020000004      0x190 Core/Src/main.o
                0x0000000020000004                my_hash
 .data.SystemCoreClock
                0x0000000020000194        0x4 Core/Src/system_stm32l4xx.o
                0x0000000020000194                SystemCoreClock
 .data.uwTickPrio
                0x0000000020000198        0x4 Drivers/STM32L4xx_HAL_Driver/Src/stm32l4xx_hal.o
                0x0000000020000198                uwTickPrio
 .data.uwTickFreq
                0x000000002000019c        0x1 Drivers/STM32L4xx_HAL_Driver/Src/stm32l4xx_hal.o
                0x000000002000019c                uwTickFreq
 *fill*         0x000000002000019d        0x3 
 .data.USER_Driver
                0x00000000200001a0       0x14 FATFS/Target/user_diskio.o
                0x00000000200001a0                USER_Driver
 *(.RamFunc)
 *(.RamFunc*)
                0x00000000200001b4                . = ALIGN (0x4)
                0x00000000200001b4                _edata = .

.igot.plt       0x00000000200001b4        0x0 load address 0x000000000800cf50
 .igot.plt      0x00000000200001b4        0x0 c:/st/stm32cubeide_1.5.0/stm32cubeide/plugins/com.st.stm32cube.ide.mcu.externaltools.gnu-tools-for-stm32.7-2018-q2-update.win32_1.5.0.202011040924/tools/bin/../lib/gcc/arm-none-eabi/7.3.1/thumb/v7e-m/fpv4-sp/hard/crtbegin.o
                0x00000000200001b4                . = ALIGN (0x4)

.bss            0x00000000200001b4     0x4b90 load address 0x000000000800cf50
                0x00000000200001b4                _sbss = .
                0x00000000200001b4                __bss_start__ = _sbss
 *(.bss)
 .bss           0x00000000200001b4       0x1c c:/st/stm32cubeide_1.5.0/stm32cubeide/plugins/com.st.stm32cube.ide.mcu.externaltools.gnu-tools-for-stm32.7-2018-q2-update.win32_1.5.0.202011040924/tools/bin/../lib/gcc/arm-none-eabi/7.3.1/thumb/v7e-m/fpv4-sp/hard/crtbegin.o
 *(.bss*)
 .bss.CardType  0x00000000200001d0        0x1 Core/Src/fatfs_sd.o
 .bss.PowerFlag
                0x00000000200001d1        0x1 Core/Src/fatfs_sd.o
 *fill*         0x00000000200001d2        0x2 
 .bss.hash_num  0x00000000200001d4        0x4 Core/Src/main.o
                0x00000000200001d4                hash_num
 .bss.state     0x00000000200001d8        0x4 Core/Src/main.o
                0x00000000200001d8                state
 .bss.rgb_arr   0x00000000200001dc      0x18c Core/Src/sk6812.o
                0x00000000200001dc                rgb_arr
 .bss.wr_buf    0x0000000020000368       0x30 Core/Src/sk6812.o
                0x0000000020000368                wr_buf
 .bss.wr_buf_p  0x0000000020000398        0x4 Core/Src/sk6812.o
                0x0000000020000398                wr_buf_p
 .bss.FatFsCnt  0x000000002000039c        0x1 Core/Src/stm32l4xx_it.o
                0x000000002000039c                FatFsCnt
 *fill*         0x000000002000039d        0x3 
 .bss.FatFs     0x00000000200003a0        0x4 Middlewares/Third_Party/FatFs/src/ff.o
 .bss.Fsid      0x00000000200003a4        0x2 Middlewares/Third_Party/FatFs/src/ff.o
 *fill*         0x00000000200003a6        0x2 
 .bss.Files     0x00000000200003a8       0x20 Middlewares/Third_Party/FatFs/src/ff.o
 .bss.LfnBuf    0x00000000200003c8      0x200 Middlewares/Third_Party/FatFs/src/ff.o
 .bss.disk      0x00000000200005c8        0xc Middlewares/Third_Party/FatFs/src/ff_gen_drv.o
                0x00000000200005c8                disk
 *(COMMON)
 COMMON         0x00000000200005d4     0x26f8 Core/Src/main.o
                0x00000000200005d4                fre_clust
                0x00000000200005d8                hdma_tim2_ch1
                0x0000000020000620                fs
                0x0000000020001658                hi2c1
                0x00000000200016a4                br
                0x00000000200016a8                htim5
                0x00000000200016f4                htim3
                0x0000000020001740                score
                0x0000000020001744                free_space
                0x0000000020001748                huart1
                0x00000000200017c8                buffer
                0x0000000020001bc8                time
                0x0000000020001bcc                bw
                0x0000000020001bd0                hrng
                0x0000000020001be0                pfs
                0x0000000020001be4                fresult
                0x0000000020001be8                hspi1
                0x0000000020001c4c                htim2
                0x0000000020001c98                total
                0x0000000020001c9c                fil
 COMMON         0x0000000020002ccc        0x2 Core/Src/stm32l4xx_it.o
                0x0000000020002ccc                Timer2
                0x0000000020002ccd                Timer1
 *fill*         0x0000000020002cce        0x2 
 COMMON         0x0000000020002cd0        0x4 Drivers/STM32L4xx_HAL_Driver/Src/stm32l4xx_hal.o
                0x0000000020002cd0                uwTick
 COMMON         0x0000000020002cd4     0x2070 FATFS/App/fatfs.o
                0x0000000020002cd4                USERPath
                0x0000000020002cd8                retUSER
                0x0000000020002cdc                USERFile
                0x0000000020003d0c                USERFatFS
                0x0000000020004d44                . = ALIGN (0x4)
                0x0000000020004d44                _ebss = .
                0x0000000020004d44                __bss_end__ = _ebss

._user_heap_stack
                0x0000000020004d44      0x604 load address 0x000000000800cf50
                0x0000000020004d48                . = ALIGN (0x8)
 *fill*         0x0000000020004d44        0x4 
                [!provide]                        PROVIDE (end = .)
                0x0000000020004d48                PROVIDE (_end = .)
                0x0000000020004f48                . = (. + _Min_Heap_Size)
 *fill*         0x0000000020004d48      0x200 
                0x0000000020005348                . = (. + _Min_Stack_Size)
 *fill*         0x0000000020004f48      0x400 
                0x0000000020005348                . = ALIGN (0x8)

/DISCARD/
 libc.a(*)
 libm.a(*)
 libgcc.a(*)

.ARM.attributes
                0x0000000000000000       0x30
 *(.ARM.attributes)
 .ARM.attributes
                0x0000000000000000       0x22 c:/st/stm32cubeide_1.5.0/stm32cubeide/plugins/com.st.stm32cube.ide.mcu.externaltools.gnu-tools-for-stm32.7-2018-q2-update.win32_1.5.0.202011040924/tools/bin/../lib/gcc/arm-none-eabi/7.3.1/thumb/v7e-m/fpv4-sp/hard/crti.o
 .ARM.attributes
                0x0000000000000022       0x34 c:/st/stm32cubeide_1.5.0/stm32cubeide/plugins/com.st.stm32cube.ide.mcu.externaltools.gnu-tools-for-stm32.7-2018-q2-update.win32_1.5.0.202011040924/tools/bin/../lib/gcc/arm-none-eabi/7.3.1/thumb/v7e-m/fpv4-sp/hard/crtbegin.o
 .ARM.attributes
                0x0000000000000056       0x25 Core/Src/7segfunction.o
 .ARM.attributes
                0x000000000000007b       0x39 Core/Src/fatfs_sd.o
 .ARM.attributes
                0x00000000000000b4       0x39 Core/Src/main.o
 .ARM.attributes
                0x00000000000000ed       0x39 Core/Src/pn532.o
 .ARM.attributes
                0x0000000000000126       0x39 Core/Src/pn532_stm32f1.o
 .ARM.attributes
                0x000000000000015f       0x39 Core/Src/sk6812.o
 .ARM.attributes
                0x0000000000000198       0x39 Core/Src/stm32l4xx_hal_msp.o
 .ARM.attributes
                0x00000000000001d1       0x39 Core/Src/stm32l4xx_it.o
 .ARM.attributes
                0x000000000000020a       0x39 Core/Src/system_stm32l4xx.o
 .ARM.attributes
                0x0000000000000243       0x21 Core/Startup/startup_stm32l476rgtx.o
 .ARM.attributes
                0x0000000000000264       0x39 Drivers/STM32L4xx_HAL_Driver/Src/stm32l4xx_hal.o
 .ARM.attributes
                0x000000000000029d       0x39 Drivers/STM32L4xx_HAL_Driver/Src/stm32l4xx_hal_cortex.o
 .ARM.attributes
                0x00000000000002d6       0x39 Drivers/STM32L4xx_HAL_Driver/Src/stm32l4xx_hal_dma.o
 .ARM.attributes
                0x000000000000030f       0x39 Drivers/STM32L4xx_HAL_Driver/Src/stm32l4xx_hal_gpio.o
 .ARM.attributes
                0x0000000000000348       0x39 Drivers/STM32L4xx_HAL_Driver/Src/stm32l4xx_hal_i2c.o
 .ARM.attributes
                0x0000000000000381       0x39 Drivers/STM32L4xx_HAL_Driver/Src/stm32l4xx_hal_i2c_ex.o
 .ARM.attributes
                0x00000000000003ba       0x39 Drivers/STM32L4xx_HAL_Driver/Src/stm32l4xx_hal_pwr_ex.o
 .ARM.attributes
                0x00000000000003f3       0x39 Drivers/STM32L4xx_HAL_Driver/Src/stm32l4xx_hal_rcc.o
 .ARM.attributes
                0x000000000000042c       0x39 Drivers/STM32L4xx_HAL_Driver/Src/stm32l4xx_hal_rcc_ex.o
 .ARM.attributes
                0x0000000000000465       0x39 Drivers/STM32L4xx_HAL_Driver/Src/stm32l4xx_hal_rng.o
 .ARM.attributes
                0x000000000000049e       0x39 Drivers/STM32L4xx_HAL_Driver/Src/stm32l4xx_hal_spi.o
 .ARM.attributes
                0x00000000000004d7       0x39 Drivers/STM32L4xx_HAL_Driver/Src/stm32l4xx_hal_tim.o
 .ARM.attributes
                0x0000000000000510       0x39 Drivers/STM32L4xx_HAL_Driver/Src/stm32l4xx_hal_tim_ex.o
 .ARM.attributes
                0x0000000000000549       0x39 Drivers/STM32L4xx_HAL_Driver/Src/stm32l4xx_hal_uart.o
 .ARM.attributes
                0x0000000000000582       0x39 FATFS/App/fatfs.o
 .ARM.attributes
                0x00000000000005bb       0x39 FATFS/Target/user_diskio.o
 .ARM.attributes
                0x00000000000005f4       0x39 Middlewares/Third_Party/FatFs/src/diskio.o
 .ARM.attributes
                0x000000000000062d       0x39 Middlewares/Third_Party/FatFs/src/ff.o
 .ARM.attributes
                0x0000000000000666       0x39 Middlewares/Third_Party/FatFs/src/ff_gen_drv.o
 .ARM.attributes
                0x000000000000069f       0x39 Middlewares/Third_Party/FatFs/src/option/ccsbcs.o
 .ARM.attributes
                0x00000000000006d8       0x34 c:/st/stm32cubeide_1.5.0/stm32cubeide/plugins/com.st.stm32cube.ide.mcu.externaltools.gnu-tools-for-stm32.7-2018-q2-update.win32_1.5.0.202011040924/tools/bin/../lib/gcc/arm-none-eabi/7.3.1/../../../../arm-none-eabi/lib/thumb/v7e-m/fpv4-sp/hard\libc_nano.a(lib_a-init.o)
 .ARM.attributes
                0x000000000000070c       0x34 c:/st/stm32cubeide_1.5.0/stm32cubeide/plugins/com.st.stm32cube.ide.mcu.externaltools.gnu-tools-for-stm32.7-2018-q2-update.win32_1.5.0.202011040924/tools/bin/../lib/gcc/arm-none-eabi/7.3.1/../../../../arm-none-eabi/lib/thumb/v7e-m/fpv4-sp/hard\libc_nano.a(lib_a-itoa.o)
 .ARM.attributes
                0x0000000000000740       0x34 c:/st/stm32cubeide_1.5.0/stm32cubeide/plugins/com.st.stm32cube.ide.mcu.externaltools.gnu-tools-for-stm32.7-2018-q2-update.win32_1.5.0.202011040924/tools/bin/../lib/gcc/arm-none-eabi/7.3.1/../../../../arm-none-eabi/lib/thumb/v7e-m/fpv4-sp/hard\libc_nano.a(lib_a-memset.o)
 .ARM.attributes
                0x0000000000000774       0x34 c:/st/stm32cubeide_1.5.0/stm32cubeide/plugins/com.st.stm32cube.ide.mcu.externaltools.gnu-tools-for-stm32.7-2018-q2-update.win32_1.5.0.202011040924/tools/bin/../lib/gcc/arm-none-eabi/7.3.1/../../../../arm-none-eabi/lib/thumb/v7e-m/fpv4-sp/hard\libc_nano.a(lib_a-strcat.o)
 .ARM.attributes
                0x00000000000007a8       0x34 c:/st/stm32cubeide_1.5.0/stm32cubeide/plugins/com.st.stm32cube.ide.mcu.externaltools.gnu-tools-for-stm32.7-2018-q2-update.win32_1.5.0.202011040924/tools/bin/../lib/gcc/arm-none-eabi/7.3.1/../../../../arm-none-eabi/lib/thumb/v7e-m/fpv4-sp/hard\libc_nano.a(lib_a-strcpy.o)
 .ARM.attributes
                0x00000000000007dc       0x1b c:/st/stm32cubeide_1.5.0/stm32cubeide/plugins/com.st.stm32cube.ide.mcu.externaltools.gnu-tools-for-stm32.7-2018-q2-update.win32_1.5.0.202011040924/tools/bin/../lib/gcc/arm-none-eabi/7.3.1/../../../../arm-none-eabi/lib/thumb/v7e-m/fpv4-sp/hard\libc_nano.a(lib_a-strlen.o)
 .ARM.attributes
                0x00000000000007f7       0x34 c:/st/stm32cubeide_1.5.0/stm32cubeide/plugins/com.st.stm32cube.ide.mcu.externaltools.gnu-tools-for-stm32.7-2018-q2-update.win32_1.5.0.202011040924/tools/bin/../lib/gcc/arm-none-eabi/7.3.1/../../../../arm-none-eabi/lib/thumb/v7e-m/fpv4-sp/hard\libc_nano.a(lib_a-utoa.o)
 .ARM.attributes
                0x000000000000082b       0x22 c:/st/stm32cubeide_1.5.0/stm32cubeide/plugins/com.st.stm32cube.ide.mcu.externaltools.gnu-tools-for-stm32.7-2018-q2-update.win32_1.5.0.202011040924/tools/bin/../lib/gcc/arm-none-eabi/7.3.1/thumb/v7e-m/fpv4-sp/hard\libgcc.a(_aeabi_uldivmod.o)
 .ARM.attributes
                0x000000000000084d       0x34 c:/st/stm32cubeide_1.5.0/stm32cubeide/plugins/com.st.stm32cube.ide.mcu.externaltools.gnu-tools-for-stm32.7-2018-q2-update.win32_1.5.0.202011040924/tools/bin/../lib/gcc/arm-none-eabi/7.3.1/thumb/v7e-m/fpv4-sp/hard\libgcc.a(_udivmoddi4.o)
 .ARM.attributes
                0x0000000000000881       0x22 c:/st/stm32cubeide_1.5.0/stm32cubeide/plugins/com.st.stm32cube.ide.mcu.externaltools.gnu-tools-for-stm32.7-2018-q2-update.win32_1.5.0.202011040924/tools/bin/../lib/gcc/arm-none-eabi/7.3.1/thumb/v7e-m/fpv4-sp/hard\libgcc.a(_dvmd_tls.o)
 .ARM.attributes
                0x00000000000008a3       0x22 c:/st/stm32cubeide_1.5.0/stm32cubeide/plugins/com.st.stm32cube.ide.mcu.externaltools.gnu-tools-for-stm32.7-2018-q2-update.win32_1.5.0.202011040924/tools/bin/../lib/gcc/arm-none-eabi/7.3.1/thumb/v7e-m/fpv4-sp/hard/crtn.o
OUTPUT(FinalProject.elf elf32-littlearm)

.debug_line     0x0000000000000000    0x171f8
 .debug_line    0x0000000000000000       0x97 Core/Src/7segfunction.o
 .debug_line    0x0000000000000097      0xa9d Core/Src/fatfs_sd.o
 .debug_line    0x0000000000000b34      0xd90 Core/Src/main.o
 .debug_line    0x00000000000018c4      0x857 Core/Src/pn532.o
 .debug_line    0x000000000000211b      0x835 Core/Src/pn532_stm32f1.o
 .debug_line    0x0000000000002950      0x97a Core/Src/sk6812.o
 .debug_line    0x00000000000032ca      0x868 Core/Src/stm32l4xx_hal_msp.o
 .debug_line    0x0000000000003b32      0x89b Core/Src/stm32l4xx_it.o
 .debug_line    0x00000000000043cd      0x766 Core/Src/system_stm32l4xx.o
 .debug_line    0x0000000000004b33       0x87 Core/Startup/startup_stm32l476rgtx.o
 .debug_line    0x0000000000004bba      0x9dc Drivers/STM32L4xx_HAL_Driver/Src/stm32l4xx_hal.o
 .debug_line    0x0000000000005596      0xa64 Drivers/STM32L4xx_HAL_Driver/Src/stm32l4xx_hal_cortex.o
 .debug_line    0x0000000000005ffa      0x95f Drivers/STM32L4xx_HAL_Driver/Src/stm32l4xx_hal_dma.o
 .debug_line    0x0000000000006959      0x8f7 Drivers/STM32L4xx_HAL_Driver/Src/stm32l4xx_hal_gpio.o
 .debug_line    0x0000000000007250     0x1b1e Drivers/STM32L4xx_HAL_Driver/Src/stm32l4xx_hal_i2c.o
 .debug_line    0x0000000000008d6e      0x87f Drivers/STM32L4xx_HAL_Driver/Src/stm32l4xx_hal_i2c_ex.o
 .debug_line    0x00000000000095ed      0xaf0 Drivers/STM32L4xx_HAL_Driver/Src/stm32l4xx_hal_pwr_ex.o
 .debug_line    0x000000000000a0dd      0xa53 Drivers/STM32L4xx_HAL_Driver/Src/stm32l4xx_hal_rcc.o
 .debug_line    0x000000000000ab30      0xce9 Drivers/STM32L4xx_HAL_Driver/Src/stm32l4xx_hal_rcc_ex.o
 .debug_line    0x000000000000b819      0x8c7 Drivers/STM32L4xx_HAL_Driver/Src/stm32l4xx_hal_rng.o
 .debug_line    0x000000000000c0e0     0x11d6 Drivers/STM32L4xx_HAL_Driver/Src/stm32l4xx_hal_spi.o
 .debug_line    0x000000000000d2b6     0x27fc Drivers/STM32L4xx_HAL_Driver/Src/stm32l4xx_hal_tim.o
 .debug_line    0x000000000000fab2     0x15cc Drivers/STM32L4xx_HAL_Driver/Src/stm32l4xx_hal_tim_ex.o
 .debug_line    0x000000000001107e     0x12eb Drivers/STM32L4xx_HAL_Driver/Src/stm32l4xx_hal_uart.o
 .debug_line    0x0000000000012369      0x913 FATFS/App/fatfs.o
 .debug_line    0x0000000000012c7c      0x968 FATFS/Target/user_diskio.o
 .debug_line    0x00000000000135e4      0x93b Middlewares/Third_Party/FatFs/src/diskio.o
 .debug_line    0x0000000000013f1f     0x2035 Middlewares/Third_Party/FatFs/src/ff.o
 .debug_line    0x0000000000015f54      0x93b Middlewares/Third_Party/FatFs/src/ff_gen_drv.o
 .debug_line    0x000000000001688f      0x969 Middlewares/Third_Party/FatFs/src/option/ccsbcs.o

.debug_info     0x0000000000000000    0x20115
 .debug_info    0x0000000000000000       0x26 Core/Src/7segfunction.o
 .debug_info    0x0000000000000026      0xd18 Core/Src/fatfs_sd.o
 .debug_info    0x0000000000000d3e     0x2fb3 Core/Src/main.o
 .debug_info    0x0000000000003cf1     0x11b0 Core/Src/pn532.o
 .debug_info    0x0000000000004ea1      0xd83 Core/Src/pn532_stm32f1.o
 .debug_info    0x0000000000005c24      0xb63 Core/Src/sk6812.o
 .debug_info    0x0000000000006787     0x19ee Core/Src/stm32l4xx_hal_msp.o
 .debug_info    0x0000000000008175      0xb3c Core/Src/stm32l4xx_it.o
 .debug_info    0x0000000000008cb1      0x727 Core/Src/system_stm32l4xx.o
 .debug_info    0x00000000000093d8       0x22 Core/Startup/startup_stm32l476rgtx.o
 .debug_info    0x00000000000093fa      0xc20 Drivers/STM32L4xx_HAL_Driver/Src/stm32l4xx_hal.o
 .debug_info    0x000000000000a01a      0xf6d Drivers/STM32L4xx_HAL_Driver/Src/stm32l4xx_hal_cortex.o
 .debug_info    0x000000000000af87      0x8f2 Drivers/STM32L4xx_HAL_Driver/Src/stm32l4xx_hal_dma.o
 .debug_info    0x000000000000b879      0x9c2 Drivers/STM32L4xx_HAL_Driver/Src/stm32l4xx_hal_gpio.o
 .debug_info    0x000000000000c23b     0x210d Drivers/STM32L4xx_HAL_Driver/Src/stm32l4xx_hal_i2c.o
 .debug_info    0x000000000000e348      0xb72 Drivers/STM32L4xx_HAL_Driver/Src/stm32l4xx_hal_i2c_ex.o
 .debug_info    0x000000000000eeba      0xb35 Drivers/STM32L4xx_HAL_Driver/Src/stm32l4xx_hal_pwr_ex.o
 .debug_info    0x000000000000f9ef      0xd2f Drivers/STM32L4xx_HAL_Driver/Src/stm32l4xx_hal_rcc.o
 .debug_info    0x000000000001071e      0xf41 Drivers/STM32L4xx_HAL_Driver/Src/stm32l4xx_hal_rcc_ex.o
 .debug_info    0x000000000001165f      0x67c Drivers/STM32L4xx_HAL_Driver/Src/stm32l4xx_hal_rng.o
 .debug_info    0x0000000000011cdb     0x178d Drivers/STM32L4xx_HAL_Driver/Src/stm32l4xx_hal_spi.o
 .debug_info    0x0000000000013468     0x2a61 Drivers/STM32L4xx_HAL_Driver/Src/stm32l4xx_hal_tim.o
 .debug_info    0x0000000000015ec9     0x167e Drivers/STM32L4xx_HAL_Driver/Src/stm32l4xx_hal_tim_ex.o
 .debug_info    0x0000000000017547     0x1830 Drivers/STM32L4xx_HAL_Driver/Src/stm32l4xx_hal_uart.o
 .debug_info    0x0000000000018d77      0xee9 FATFS/App/fatfs.o
 .debug_info    0x0000000000019c60      0xd68 FATFS/Target/user_diskio.o
 .debug_info    0x000000000001a9c8      0xe1b Middlewares/Third_Party/FatFs/src/diskio.o
 .debug_info    0x000000000001b7e3     0x2f79 Middlewares/Third_Party/FatFs/src/ff.o
 .debug_info    0x000000000001e75c      0xdb3 Middlewares/Third_Party/FatFs/src/ff_gen_drv.o
 .debug_info    0x000000000001f50f      0xc06 Middlewares/Third_Party/FatFs/src/option/ccsbcs.o

.debug_abbrev   0x0000000000000000     0x3abf
 .debug_abbrev  0x0000000000000000       0x14 Core/Src/7segfunction.o
 .debug_abbrev  0x0000000000000014      0x262 Core/Src/fatfs_sd.o
 .debug_abbrev  0x0000000000000276      0x386 Core/Src/main.o
 .debug_abbrev  0x00000000000005fc      0x23d Core/Src/pn532.o
 .debug_abbrev  0x0000000000000839      0x1f0 Core/Src/pn532_stm32f1.o
 .debug_abbrev  0x0000000000000a29      0x1e9 Core/Src/sk6812.o
 .debug_abbrev  0x0000000000000c12      0x203 Core/Src/stm32l4xx_hal_msp.o
 .debug_abbrev  0x0000000000000e15      0x1b7 Core/Src/stm32l4xx_it.o
 .debug_abbrev  0x0000000000000fcc      0x150 Core/Src/system_stm32l4xx.o
 .debug_abbrev  0x000000000000111c       0x12 Core/Startup/startup_stm32l476rgtx.o
 .debug_abbrev  0x000000000000112e      0x1fb Drivers/STM32L4xx_HAL_Driver/Src/stm32l4xx_hal.o
 .debug_abbrev  0x0000000000001329      0x2fa Drivers/STM32L4xx_HAL_Driver/Src/stm32l4xx_hal_cortex.o
 .debug_abbrev  0x0000000000001623      0x1d9 Drivers/STM32L4xx_HAL_Driver/Src/stm32l4xx_hal_dma.o
 .debug_abbrev  0x00000000000017fc      0x1c0 Drivers/STM32L4xx_HAL_Driver/Src/stm32l4xx_hal_gpio.o
 .debug_abbrev  0x00000000000019bc      0x22a Drivers/STM32L4xx_HAL_Driver/Src/stm32l4xx_hal_i2c.o
 .debug_abbrev  0x0000000000001be6      0x1b9 Drivers/STM32L4xx_HAL_Driver/Src/stm32l4xx_hal_i2c_ex.o
 .debug_abbrev  0x0000000000001d9f      0x1cb Drivers/STM32L4xx_HAL_Driver/Src/stm32l4xx_hal_pwr_ex.o
 .debug_abbrev  0x0000000000001f6a      0x245 Drivers/STM32L4xx_HAL_Driver/Src/stm32l4xx_hal_rcc.o
 .debug_abbrev  0x00000000000021af      0x238 Drivers/STM32L4xx_HAL_Driver/Src/stm32l4xx_hal_rcc_ex.o
 .debug_abbrev  0x00000000000023e7      0x1af Drivers/STM32L4xx_HAL_Driver/Src/stm32l4xx_hal_rng.o
 .debug_abbrev  0x0000000000002596      0x228 Drivers/STM32L4xx_HAL_Driver/Src/stm32l4xx_hal_spi.o
 .debug_abbrev  0x00000000000027be      0x230 Drivers/STM32L4xx_HAL_Driver/Src/stm32l4xx_hal_tim.o
 .debug_abbrev  0x00000000000029ee      0x236 Drivers/STM32L4xx_HAL_Driver/Src/stm32l4xx_hal_tim_ex.o
 .debug_abbrev  0x0000000000002c24      0x205 Drivers/STM32L4xx_HAL_Driver/Src/stm32l4xx_hal_uart.o
 .debug_abbrev  0x0000000000002e29      0x1df FATFS/App/fatfs.o
 .debug_abbrev  0x0000000000003008      0x1f1 FATFS/Target/user_diskio.o
 .debug_abbrev  0x00000000000031f9      0x209 Middlewares/Third_Party/FatFs/src/diskio.o
 .debug_abbrev  0x0000000000003402      0x298 Middlewares/Third_Party/FatFs/src/ff.o
 .debug_abbrev  0x000000000000369a      0x236 Middlewares/Third_Party/FatFs/src/ff_gen_drv.o
 .debug_abbrev  0x00000000000038d0      0x1ef Middlewares/Third_Party/FatFs/src/option/ccsbcs.o

.debug_aranges  0x0000000000000000     0x19c0
 .debug_aranges
                0x0000000000000000       0x20 Core/Src/7segfunction.o
 .debug_aranges
                0x0000000000000020       0xa0 Core/Src/fatfs_sd.o
 .debug_aranges
                0x00000000000000c0       0xb0 Core/Src/main.o
 .debug_aranges
                0x0000000000000170       0x98 Core/Src/pn532.o
 .debug_aranges
                0x0000000000000208       0x68 Core/Src/pn532_stm32f1.o
 .debug_aranges
                0x0000000000000270       0x60 Core/Src/sk6812.o
 .debug_aranges
                0x00000000000002d0       0x78 Core/Src/stm32l4xx_hal_msp.o
 .debug_aranges
                0x0000000000000348       0x80 Core/Src/stm32l4xx_it.o
 .debug_aranges
                0x00000000000003c8       0x28 Core/Src/system_stm32l4xx.o
 .debug_aranges
                0x00000000000003f0       0x28 Core/Startup/startup_stm32l476rgtx.o
 .debug_aranges
                0x0000000000000418      0x130 Drivers/STM32L4xx_HAL_Driver/Src/stm32l4xx_hal.o
 .debug_aranges
                0x0000000000000548      0x118 Drivers/STM32L4xx_HAL_Driver/Src/stm32l4xx_hal_cortex.o
 .debug_aranges
                0x0000000000000660       0x80 Drivers/STM32L4xx_HAL_Driver/Src/stm32l4xx_hal_dma.o
 .debug_aranges
                0x00000000000006e0       0x58 Drivers/STM32L4xx_HAL_Driver/Src/stm32l4xx_hal_gpio.o
 .debug_aranges
                0x0000000000000738      0x290 Drivers/STM32L4xx_HAL_Driver/Src/stm32l4xx_hal_i2c.o
 .debug_aranges
                0x00000000000009c8       0x48 Drivers/STM32L4xx_HAL_Driver/Src/stm32l4xx_hal_i2c_ex.o
 .debug_aranges
                0x0000000000000a10      0x150 Drivers/STM32L4xx_HAL_Driver/Src/stm32l4xx_hal_pwr_ex.o
 .debug_aranges
                0x0000000000000b60       0x88 Drivers/STM32L4xx_HAL_Driver/Src/stm32l4xx_hal_rcc.o
 .debug_aranges
                0x0000000000000be8       0xc0 Drivers/STM32L4xx_HAL_Driver/Src/stm32l4xx_hal_rcc_ex.o
 .debug_aranges
                0x0000000000000ca8       0x88 Drivers/STM32L4xx_HAL_Driver/Src/stm32l4xx_hal_rng.o
 .debug_aranges
                0x0000000000000d30      0x1d8 Drivers/STM32L4xx_HAL_Driver/Src/stm32l4xx_hal_spi.o
 .debug_aranges
                0x0000000000000f08      0x3e0 Drivers/STM32L4xx_HAL_Driver/Src/stm32l4xx_hal_tim.o
 .debug_aranges
                0x00000000000012e8      0x180 Drivers/STM32L4xx_HAL_Driver/Src/stm32l4xx_hal_tim_ex.o
 .debug_aranges
                0x0000000000001468      0x210 Drivers/STM32L4xx_HAL_Driver/Src/stm32l4xx_hal_uart.o
 .debug_aranges
                0x0000000000001678       0x28 FATFS/App/fatfs.o
 .debug_aranges
                0x00000000000016a0       0x40 FATFS/Target/user_diskio.o
 .debug_aranges
                0x00000000000016e0       0x48 Middlewares/Third_Party/FatFs/src/diskio.o
 .debug_aranges
                0x0000000000001728      0x230 Middlewares/Third_Party/FatFs/src/ff.o
 .debug_aranges
                0x0000000000001958       0x40 Middlewares/Third_Party/FatFs/src/ff_gen_drv.o
 .debug_aranges
                0x0000000000001998       0x28 Middlewares/Third_Party/FatFs/src/option/ccsbcs.o

.debug_str      0x0000000000000000    0xfab48
 .debug_str     0x0000000000000000       0x59 Core/Src/7segfunction.o
 .debug_str     0x0000000000000059    0xed91d Core/Src/fatfs_sd.o
                                      0xedca6 (size before relaxing)
 .debug_str     0x00000000000ed976     0x6ce9 Core/Src/main.o
                                      0xf4b0c (size before relaxing)
 .debug_str     0x00000000000f465f      0x278 Core/Src/pn532.o
                                       0x9304 (size before relaxing)
 .debug_str     0x00000000000f48d7      0x13a Core/Src/pn532_stm32f1.o
                                      0xeecd1 (size before relaxing)
 .debug_str     0x00000000000f4a11      0x15c Core/Src/sk6812.o
                                      0xeda91 (size before relaxing)
 .debug_str     0x00000000000f4b6d      0x110 Core/Src/stm32l4xx_hal_msp.o
                                      0xee7db (size before relaxing)
 .debug_str     0x00000000000f4c7d      0x11c Core/Src/stm32l4xx_it.o
                                      0xedb2f (size before relaxing)
 .debug_str     0x00000000000f4d99       0xcd Core/Src/system_stm32l4xx.o
                                      0xed648 (size before relaxing)
 .debug_str     0x00000000000f4e66       0x28 Core/Startup/startup_stm32l476rgtx.o
                                         0x66 (size before relaxing)
 .debug_str     0x00000000000f4e8e      0x5a4 Drivers/STM32L4xx_HAL_Driver/Src/stm32l4xx_hal.o
                                      0xee12c (size before relaxing)
 .debug_str     0x00000000000f5432      0x389 Drivers/STM32L4xx_HAL_Driver/Src/stm32l4xx_hal_cortex.o
                                      0xede9c (size before relaxing)
 .debug_str     0x00000000000f57bb      0x253 Drivers/STM32L4xx_HAL_Driver/Src/stm32l4xx_hal_dma.o
                                      0xed8a0 (size before relaxing)
 .debug_str     0x00000000000f5a0e      0x236 Drivers/STM32L4xx_HAL_Driver/Src/stm32l4xx_hal_gpio.o
                                      0xed8c7 (size before relaxing)
 .debug_str     0x00000000000f5c44      0xd3f Drivers/STM32L4xx_HAL_Driver/Src/stm32l4xx_hal_i2c.o
                                      0xee759 (size before relaxing)
 .debug_str     0x00000000000f6983       0xb8 Drivers/STM32L4xx_HAL_Driver/Src/stm32l4xx_hal_i2c_ex.o
                                      0xedb51 (size before relaxing)
 .debug_str     0x00000000000f6a3b      0x4b4 Drivers/STM32L4xx_HAL_Driver/Src/stm32l4xx_hal_pwr_ex.o
                                      0xedb63 (size before relaxing)
 .debug_str     0x00000000000f6eef      0x3aa Drivers/STM32L4xx_HAL_Driver/Src/stm32l4xx_hal_rcc.o
                                      0xedc0a (size before relaxing)
 .debug_str     0x00000000000f7299      0x3a6 Drivers/STM32L4xx_HAL_Driver/Src/stm32l4xx_hal_rcc_ex.o
                                      0xedd9b (size before relaxing)
 .debug_str     0x00000000000f763f      0x175 Drivers/STM32L4xx_HAL_Driver/Src/stm32l4xx_hal_rng.o
                                      0xed6cb (size before relaxing)
 .debug_str     0x00000000000f77b4      0x571 Drivers/STM32L4xx_HAL_Driver/Src/stm32l4xx_hal_spi.o
                                      0xeddf4 (size before relaxing)
 .debug_str     0x00000000000f7d25      0xd58 Drivers/STM32L4xx_HAL_Driver/Src/stm32l4xx_hal_tim.o
                                      0xee8d0 (size before relaxing)
 .debug_str     0x00000000000f8a7d      0x625 Drivers/STM32L4xx_HAL_Driver/Src/stm32l4xx_hal_tim_ex.o
                                      0xee1c4 (size before relaxing)
 .debug_str     0x00000000000f90a2      0x81d Drivers/STM32L4xx_HAL_Driver/Src/stm32l4xx_hal_uart.o
                                      0xee1ff (size before relaxing)
 .debug_str     0x00000000000f98bf       0x2f FATFS/App/fatfs.o
                                      0xf0c66 (size before relaxing)
 .debug_str     0x00000000000f98ee       0x5a FATFS/Target/user_diskio.o
                                      0xf0d06 (size before relaxing)
 .debug_str     0x00000000000f9948       0x52 Middlewares/Third_Party/FatFs/src/diskio.o
                                      0xf0b73 (size before relaxing)
 .debug_str     0x00000000000f999a     0x10ac Middlewares/Third_Party/FatFs/src/ff.o
                                      0xf1e25 (size before relaxing)
 .debug_str     0x00000000000faa46       0xa2 Middlewares/Third_Party/FatFs/src/ff_gen_drv.o
                                      0xf0bc4 (size before relaxing)
 .debug_str     0x00000000000faae8       0x60 Middlewares/Third_Party/FatFs/src/option/ccsbcs.o
                                      0xf095a (size before relaxing)

.debug_ranges   0x0000000000000000     0x17d8
 .debug_ranges  0x0000000000000000       0x90 Core/Src/fatfs_sd.o
 .debug_ranges  0x0000000000000090       0xa0 Core/Src/main.o
 .debug_ranges  0x0000000000000130       0x88 Core/Src/pn532.o
 .debug_ranges  0x00000000000001b8       0x58 Core/Src/pn532_stm32f1.o
 .debug_ranges  0x0000000000000210       0x50 Core/Src/sk6812.o
 .debug_ranges  0x0000000000000260       0x68 Core/Src/stm32l4xx_hal_msp.o
 .debug_ranges  0x00000000000002c8       0x70 Core/Src/stm32l4xx_it.o
 .debug_ranges  0x0000000000000338       0x18 Core/Src/system_stm32l4xx.o
 .debug_ranges  0x0000000000000350       0x20 Core/Startup/startup_stm32l476rgtx.o
 .debug_ranges  0x0000000000000370      0x120 Drivers/STM32L4xx_HAL_Driver/Src/stm32l4xx_hal.o
 .debug_ranges  0x0000000000000490      0x108 Drivers/STM32L4xx_HAL_Driver/Src/stm32l4xx_hal_cortex.o
 .debug_ranges  0x0000000000000598       0x70 Drivers/STM32L4xx_HAL_Driver/Src/stm32l4xx_hal_dma.o
 .debug_ranges  0x0000000000000608       0x48 Drivers/STM32L4xx_HAL_Driver/Src/stm32l4xx_hal_gpio.o
 .debug_ranges  0x0000000000000650      0x280 Drivers/STM32L4xx_HAL_Driver/Src/stm32l4xx_hal_i2c.o
 .debug_ranges  0x00000000000008d0       0x38 Drivers/STM32L4xx_HAL_Driver/Src/stm32l4xx_hal_i2c_ex.o
 .debug_ranges  0x0000000000000908      0x140 Drivers/STM32L4xx_HAL_Driver/Src/stm32l4xx_hal_pwr_ex.o
 .debug_ranges  0x0000000000000a48       0x78 Drivers/STM32L4xx_HAL_Driver/Src/stm32l4xx_hal_rcc.o
 .debug_ranges  0x0000000000000ac0       0xb0 Drivers/STM32L4xx_HAL_Driver/Src/stm32l4xx_hal_rcc_ex.o
 .debug_ranges  0x0000000000000b70       0x78 Drivers/STM32L4xx_HAL_Driver/Src/stm32l4xx_hal_rng.o
 .debug_ranges  0x0000000000000be8      0x1c8 Drivers/STM32L4xx_HAL_Driver/Src/stm32l4xx_hal_spi.o
 .debug_ranges  0x0000000000000db0      0x3d0 Drivers/STM32L4xx_HAL_Driver/Src/stm32l4xx_hal_tim.o
 .debug_ranges  0x0000000000001180      0x170 Drivers/STM32L4xx_HAL_Driver/Src/stm32l4xx_hal_tim_ex.o
 .debug_ranges  0x00000000000012f0      0x200 Drivers/STM32L4xx_HAL_Driver/Src/stm32l4xx_hal_uart.o
 .debug_ranges  0x00000000000014f0       0x18 FATFS/App/fatfs.o
 .debug_ranges  0x0000000000001508       0x30 FATFS/Target/user_diskio.o
 .debug_ranges  0x0000000000001538       0x38 Middlewares/Third_Party/FatFs/src/diskio.o
 .debug_ranges  0x0000000000001570      0x220 Middlewares/Third_Party/FatFs/src/ff.o
 .debug_ranges  0x0000000000001790       0x30 Middlewares/Third_Party/FatFs/src/ff_gen_drv.o
 .debug_ranges  0x00000000000017c0       0x18 Middlewares/Third_Party/FatFs/src/option/ccsbcs.o

.debug_macro    0x0000000000000000    0x2ae75
 .debug_macro   0x0000000000000000      0x237 Core/Src/fatfs_sd.o
 .debug_macro   0x0000000000000237      0xa5a Core/Src/fatfs_sd.o
 .debug_macro   0x0000000000000c91      0x1b9 Core/Src/fatfs_sd.o
 .debug_macro   0x0000000000000e4a       0x2e Core/Src/fatfs_sd.o
 .debug_macro   0x0000000000000e78       0x28 Core/Src/fatfs_sd.o
 .debug_macro   0x0000000000000ea0       0x22 Core/Src/fatfs_sd.o
 .debug_macro   0x0000000000000ec2       0x8e Core/Src/fatfs_sd.o
 .debug_macro   0x0000000000000f50       0x51 Core/Src/fatfs_sd.o
 .debug_macro   0x0000000000000fa1       0xef Core/Src/fatfs_sd.o
 .debug_macro   0x0000000000001090       0x6a Core/Src/fatfs_sd.o
 .debug_macro   0x00000000000010fa      0x1df Core/Src/fatfs_sd.o
 .debug_macro   0x00000000000012d9       0x1c Core/Src/fatfs_sd.o
 .debug_macro   0x00000000000012f5       0x22 Core/Src/fatfs_sd.o
 .debug_macro   0x0000000000001317      0x101 Core/Src/fatfs_sd.o
 .debug_macro   0x0000000000001418     0x1011 Core/Src/fatfs_sd.o
 .debug_macro   0x0000000000002429      0x11f Core/Src/fatfs_sd.o
 .debug_macro   0x0000000000002548    0x1a13d Core/Src/fatfs_sd.o
 .debug_macro   0x000000000001c685       0x43 Core/Src/fatfs_sd.o
 .debug_macro   0x000000000001c6c8     0x3890 Core/Src/fatfs_sd.o
 .debug_macro   0x000000000001ff58      0x174 Core/Src/fatfs_sd.o
 .debug_macro   0x00000000000200cc       0x5c Core/Src/fatfs_sd.o
 .debug_macro   0x0000000000020128     0x155f Core/Src/fatfs_sd.o
 .debug_macro   0x0000000000021687      0x59e Core/Src/fatfs_sd.o