main.c:120:6:send_uart	24	static
main.c:126:5:bufsize	24	static
main.c:133:6:bufclear	16	static
main.c:141:6:writedata	16	static
main.c:167:5:readdata	16	static
main.c:189:5:main	400	static
main.c:395:6:SystemClock_Config	232	static
main.c:460:13:MX_I2C1_Init	8	static
main.c:506:13:MX_RNG_Init	8	static
main.c:532:13:MX_SPI1_Init	8	static
main.c:572:13:MX_TIM2_Init	64	static
main.c:631:13:MX_TIM3_Init	40	static
main.c:676:13:MX_TIM5_Init	64	static
main.c:735:13:MX_USART1_UART_Init	8	static
main.c:768:13:MX_DMA_Init	16	static
main.c:786:13:MX_GPIO_Init	48	static
main.c:842:10:hsl_to_rgb	32	static
main.c:872:6:Max7219Display	24	static
main.c:887:6:Error_Handler	4	static,ignoring_inline_asm
