stm32l4xx_it.c:76:6:SDTimer_Handler	4	static
stm32l4xx_it.c:99:6:NMI_Handler	4	static
stm32l4xx_it.c:114:6:HardFault_Handler	4	static
stm32l4xx_it.c:129:6:MemManage_Handler	4	static
stm32l4xx_it.c:144:6:BusFault_Handler	4	static
stm32l4xx_it.c:159:6:UsageFault_Handler	4	static
stm32l4xx_it.c:174:6:SVC_Handler	4	static
stm32l4xx_it.c:187:6:DebugMon_Handler	4	static
stm32l4xx_it.c:200:6:PendSV_Handler	4	static
stm32l4xx_it.c:213:6:SysTick_Handler	8	static
stm32l4xx_it.c:242:6:DMA1_Channel5_IRQHandler	8	static
stm32l4xx_it.c:256:6:TIM3_IRQHandler	24	static
stm32l4xx_it.c:295:6:EXTI15_10_IRQHandler	40	static
